2026-02-01 17:21:16,246 - INFO - Auto-Selecting Multiple CE/PE Options (Range 350-650)...
2026-02-01 17:21:16,803 - INFO - Monitoring CE: NSE:NIFTY2620324250CE
2026-02-01 17:21:16,803 - INFO - Monitoring CE: NSE:NIFTY2620324300CE
2026-02-01 17:21:16,803 - INFO - Monitoring CE: NSE:NIFTY2620324200CE
2026-02-01 17:21:16,803 - INFO - Monitoring CE: NSE:NIFTY2620324350CE
2026-02-01 17:21:16,803 - INFO - Monitoring CE: NSE:NIFTY2620324150CE
2026-02-01 17:21:16,803 - INFO - Monitoring CE: NSE:NIFTY2620324400CE
2026-02-01 17:21:16,803 - INFO - Monitoring PE: NSE:NIFTY2620325200PE
2026-02-01 17:21:16,803 - INFO - Monitoring PE: NSE:NIFTY2620325250PE
2026-02-01 17:21:16,803 - INFO - Monitoring PE: NSE:NIFTY2620325150PE
2026-02-01 17:21:16,803 - INFO - Monitoring PE: NSE:NIFTY2620325100PE
2026-02-01 17:21:16,804 - INFO - Monitoring PE: NSE:NIFTY2620325300PE
2026-02-01 17:21:16,804 - INFO - Monitoring PE: NSE:NIFTY2620325050PE
2026-02-01 17:21:16,804 - INFO - Starting RSI Algo Trader for 12 Instruments
2026-02-01 17:21:16,804 - INFO - Timeframe: 2m | DRY RUN: True
2026-02-01 17:21:17,025 - INFO - ACTIVE TRADING TARGETS (Closest to 500): CE=NSE:NIFTY2620324250CE | PE=NSE:NIFTY2620325200PE
2026-02-01 17:21:17,025 - INFO - --- Processing NSE:NIFTY2620324250CE [ACTIVE] ---
2026-02-01 17:21:17,141 - INFO - Completed Candle: 2026-02-01 15:29:00 | RSI: 11.27
2026-02-01 17:21:17,141 - INFO - Position: None (Qty: 0)
2026-02-01 17:21:17,141 - INFO - Signal: HOLD
2026-02-01 17:21:17,141 - INFO - --- Processing NSE:NIFTY2620324300CE [TRACKING] ---
2026-02-01 17:21:17,253 - INFO - Completed Candle: 2026-02-01 15:29:00 | RSI: 22.50
2026-02-01 17:21:17,253 - INFO - Position: None (Qty: 0)
2026-02-01 17:21:17,253 - INFO - Signal: HOLD
2026-02-01 17:21:17,253 - INFO - --- Processing NSE:NIFTY2620324200CE [TRACKING] ---
2026-02-01 17:21:17,353 - INFO - Completed Candle: 2026-02-01 15:29:00 | RSI: 16.20
2026-02-01 17:21:17,353 - INFO - Position: None (Qty: 0)
2026-02-01 17:21:17,353 - INFO - Signal: HOLD
2026-02-01 17:21:17,353 - INFO - --- Processing NSE:NIFTY2620324350CE [TRACKING] ---
2026-02-01 17:21:17,462 - INFO - Completed Candle: 2026-02-01 15:29:00 | RSI: 24.72
2026-02-01 17:21:17,462 - INFO - Position: None (Qty: 0)
2026-02-01 17:21:17,462 - INFO - Signal: HOLD
2026-02-01 17:21:17,462 - INFO - --- Processing NSE:NIFTY2620324150CE [TRACKING] ---
2026-02-01 17:21:17,575 - INFO - Completed Candle: 2026-02-01 15:29:00 | RSI: 11.52
2026-02-01 17:21:17,575 - INFO - Position: None (Qty: 0)
2026-02-01 17:21:17,575 - INFO - Signal: HOLD
2026-02-01 17:21:17,575 - INFO - --- Processing NSE:NIFTY2620324400CE [TRACKING] ---
2026-02-01 17:21:17,690 - INFO - Completed Candle: 2026-02-01 15:29:00 | RSI: 21.51
2026-02-01 17:21:17,690 - INFO - Position: None (Qty: 0)
2026-02-01 17:21:17,690 - INFO - Signal: HOLD
2026-02-01 17:21:17,690 - INFO - --- Processing NSE:NIFTY2620325200PE [ACTIVE] ---
2026-02-01 17:21:17,810 - INFO - Completed Candle: 2026-02-01 15:29:00 | RSI: 78.73
2026-02-01 17:21:17,811 - INFO - Position: None (Qty: 0)
2026-02-01 17:21:17,811 - INFO - WATCH: Trigger Active (RSI 78.73). Waiting for breakdown.
2026-02-01 17:21:17,811 - INFO - Signal: HOLD
2026-02-01 17:21:17,811 - INFO - --- Processing NSE:NIFTY2620325250PE [TRACKING] ---
2026-02-01 17:21:17,951 - INFO - Completed Candle: 2026-02-01 15:29:00 | RSI: 78.49
2026-02-01 17:21:17,952 - INFO - Position: None (Qty: 0)
2026-02-01 17:21:17,952 - INFO - WATCH: Trigger Active (RSI 78.49). Waiting for breakdown.
2026-02-01 17:21:17,952 - INFO - Signal: HOLD
2026-02-01 17:21:17,952 - INFO - --- Processing NSE:NIFTY2620325150PE [TRACKING] ---
2026-02-01 17:21:18,075 - INFO - Completed Candle: 2026-02-01 15:29:00 | RSI: 78.35
2026-02-01 17:21:18,075 - INFO - Position: None (Qty: 0)
2026-02-01 17:21:18,075 - INFO - WATCH: Trigger Active (RSI 78.35). Waiting for breakdown.
2026-02-01 17:21:18,075 - INFO - Signal: HOLD
2026-02-01 17:21:18,075 - INFO - --- Processing NSE:NIFTY2620325100PE [TRACKING] ---
2026-02-01 17:21:18,183 - INFO - Completed Candle: 2026-02-01 15:29:00 | RSI: 80.44
2026-02-01 17:21:18,184 - INFO - Position: None (Qty: 0)
2026-02-01 17:21:18,184 - INFO - WATCH: Trigger Active (RSI 80.44). Waiting for breakdown.
2026-02-01 17:21:18,184 - INFO - Signal: HOLD
2026-02-01 17:21:18,184 - INFO - --- Processing NSE:NIFTY2620325300PE [TRACKING] ---
2026-02-01 17:21:18,330 - INFO - Completed Candle: 2026-02-01 15:29:00 | RSI: 77.22
2026-02-01 17:21:18,330 - INFO - Position: None (Qty: 0)
2026-02-01 17:21:18,330 - INFO - WATCH: Trigger Active (RSI 77.22). Waiting for breakdown.
2026-02-01 17:21:18,330 - INFO - Signal: HOLD
2026-02-01 17:21:18,331 - INFO - --- Processing NSE:NIFTY2620325050PE [TRACKING] ---
2026-02-01 17:21:18,459 - INFO - Completed Candle: 2026-02-01 15:29:00 | RSI: 79.08
2026-02-01 17:21:18,459 - INFO - Position: None (Qty: 0)
2026-02-01 17:21:18,459 - INFO - WATCH: Trigger Active (RSI 79.08). Waiting for breakdown.
2026-02-01 17:21:18,459 - INFO - Signal: HOLD
2026-02-01 17:21:18,459 - INFO - Sleeping for 20s...
2026-02-01 17:21:38,654 - INFO - ACTIVE TRADING TARGETS (Closest to 500): CE=NSE:NIFTY2620324250CE | PE=NSE:NIFTY2620325200PE
2026-02-01 17:21:38,654 - INFO - --- Processing NSE:NIFTY2620324250CE [ACTIVE] ---
2026-02-01 17:21:38,767 - INFO - Completed Candle: 2026-02-01 15:29:00 | RSI: 11.27
2026-02-01 17:21:38,768 - INFO - Position: None (Qty: 0)
2026-02-01 17:21:38,768 - INFO - Signal: HOLD
2026-02-01 17:21:38,768 - INFO - --- Processing NSE:NIFTY2620324300CE [TRACKING] ---
2026-02-01 17:21:38,879 - INFO - Completed Candle: 2026-02-01 15:29:00 | RSI: 22.50
2026-02-01 17:21:38,879 - INFO - Position: None (Qty: 0)
2026-02-01 17:21:38,880 - INFO - Signal: HOLD
2026-02-01 17:21:38,880 - INFO - --- Processing NSE:NIFTY2620324200CE [TRACKING] ---
2026-02-01 17:21:39,007 - INFO - Completed Candle: 2026-02-01 15:29:00 | RSI: 16.20
2026-02-01 17:21:39,007 - INFO - Position: None (Qty: 0)
2026-02-01 17:21:39,007 - INFO - Signal: HOLD
2026-02-01 17:21:39,007 - INFO - --- Processing NSE:NIFTY2620324350CE [TRACKING] ---
2026-02-01 17:21:39,112 - INFO - Completed Candle: 2026-02-01 15:29:00 | RSI: 24.72
2026-02-01 17:21:39,112 - INFO - Position: None (Qty: 0)
2026-02-01 17:21:39,112 - INFO - Signal: HOLD
2026-02-01 17:21:39,112 - INFO - --- Processing NSE:NIFTY2620324150CE [TRACKING] ---
2026-02-01 17:21:39,220 - INFO - Completed Candle: 2026-02-01 15:29:00 | RSI: 11.52
2026-02-01 17:21:39,220 - INFO - Position: None (Qty: 0)
2026-02-01 17:21:39,220 - INFO - Signal: HOLD
2026-02-01 17:21:39,220 - INFO - --- Processing NSE:NIFTY2620324400CE [TRACKING] ---
2026-02-01 17:21:39,323 - INFO - Completed Candle: 2026-02-01 15:29:00 | RSI: 21.51
2026-02-01 17:21:39,323 - INFO - Position: None (Qty: 0)
2026-02-01 17:21:39,323 - INFO - Signal: HOLD
2026-02-01 17:21:39,323 - INFO - --- Processing NSE:NIFTY2620325200PE [ACTIVE] ---
2026-02-01 17:21:39,441 - INFO - Completed Candle: 2026-02-01 15:29:00 | RSI: 78.73
2026-02-01 17:21:39,441 - INFO - Position: None (Qty: 0)
2026-02-01 17:21:39,441 - INFO - WATCH: Trigger Active (RSI 78.73). Waiting for breakdown.
2026-02-01 17:21:39,441 - INFO - Signal: HOLD
2026-02-01 17:21:39,441 - INFO - --- Processing NSE:NIFTY2620325250PE [TRACKING] ---
2026-02-01 17:21:39,578 - INFO - Completed Candle: 2026-02-01 15:29:00 | RSI: 78.49
2026-02-01 17:21:39,578 - INFO - Position: None (Qty: 0)
2026-02-01 17:21:39,578 - INFO - WATCH: Trigger Active (RSI 78.49). Waiting for breakdown.
2026-02-01 17:21:39,578 - INFO - Signal: HOLD
2026-02-01 17:21:39,578 - INFO - --- Processing NSE:NIFTY2620325150PE [TRACKING] ---
2026-02-01 17:21:39,695 - INFO - Completed Candle: 2026-02-01 15:29:00 | RSI: 78.35
2026-02-01 17:21:39,695 - INFO - Position: None (Qty: 0)
2026-02-01 17:21:39,695 - INFO - WATCH: Trigger Active (RSI 78.35). Waiting for breakdown.
2026-02-01 17:21:39,696 - INFO - Signal: HOLD
2026-02-01 17:21:39,696 - INFO - --- Processing NSE:NIFTY2620325100PE [TRACKING] ---
2026-02-01 17:21:39,817 - INFO - Completed Candle: 2026-02-01 15:29:00 | RSI: 80.44
2026-02-01 17:21:39,817 - INFO - Position: None (Qty: 0)
2026-02-01 17:21:39,817 - INFO - WATCH: Trigger Active (RSI 80.44). Waiting for breakdown.
2026-02-01 17:21:39,817 - INFO - Signal: HOLD
2026-02-01 17:21:39,817 - INFO - --- Processing NSE:NIFTY2620325300PE [TRACKING] ---
2026-02-01 17:21:39,957 - INFO - Completed Candle: 2026-02-01 15:29:00 | RSI: 77.22
2026-02-01 17:21:39,957 - INFO - Position: None (Qty: 0)
2026-02-01 17:21:39,957 - INFO - WATCH: Trigger Active (RSI 77.22). Waiting for breakdown.
2026-02-01 17:21:39,957 - INFO - Signal: HOLD
2026-02-01 17:21:39,957 - INFO - --- Processing NSE:NIFTY2620325050PE [TRACKING] ---
2026-02-01 17:21:40,063 - INFO - Completed Candle: 2026-02-01 15:29:00 | RSI: 79.08
2026-02-01 17:21:40,064 - INFO - Position: None (Qty: 0)
2026-02-01 17:21:40,064 - INFO - WATCH: Trigger Active (RSI 79.08). Waiting for breakdown.
2026-02-01 17:21:40,064 - INFO - Signal: HOLD
2026-02-01 17:21:40,064 - INFO - Sleeping for 20s...
2026-02-01 17:22:00,255 - INFO - ACTIVE TRADING TARGETS (Closest to 500): CE=NSE:NIFTY2620324250CE | PE=NSE:NIFTY2620325200PE
2026-02-01 17:22:00,255 - INFO - --- Processing NSE:NIFTY2620324250CE [ACTIVE] ---
2026-02-01 17:22:00,358 - INFO - Completed Candle: 2026-02-01 15:29:00 | RSI: 11.27
2026-02-01 17:22:00,358 - INFO - Position: None (Qty: 0)
2026-02-01 17:22:00,358 - INFO - Signal: HOLD
2026-02-01 17:22:00,358 - INFO - --- Processing NSE:NIFTY2620324300CE [TRACKING] ---
2026-02-01 17:22:00,456 - INFO - Completed Candle: 2026-02-01 15:29:00 | RSI: 22.50
2026-02-01 17:22:00,456 - INFO - Position: None (Qty: 0)
2026-02-01 17:22:00,456 - INFO - Signal: HOLD
2026-02-01 17:22:00,456 - INFO - --- Processing NSE:NIFTY2620324200CE [TRACKING] ---
2026-02-01 17:22:00,549 - INFO - Completed Candle: 2026-02-01 15:29:00 | RSI: 16.20
2026-02-01 17:22:00,549 - INFO - Position: None (Qty: 0)
2026-02-01 17:22:00,549 - INFO - Signal: HOLD
2026-02-01 17:22:00,549 - INFO - --- Processing NSE:NIFTY2620324350CE [TRACKING] ---
2026-02-01 17:22:00,649 - INFO - Completed Candle: 2026-02-01 15:29:00 | RSI: 24.72
2026-02-01 17:22:00,649 - INFO - Position: None (Qty: 0)
2026-02-01 17:22:00,649 - INFO - Signal: HOLD
2026-02-01 17:22:00,649 - INFO - --- Processing NSE:NIFTY2620324150CE [TRACKING] ---
2026-02-01 17:22:00,773 - INFO - Completed Candle: 2026-02-01 15:29:00 | RSI: 11.52
2026-02-01 17:22:00,773 - INFO - Position: None (Qty: 0)
2026-02-01 17:22:00,773 - INFO - Signal: HOLD
2026-02-01 17:22:00,773 - INFO - --- Processing NSE:NIFTY2620324400CE [TRACKING] ---
2026-02-01 17:22:00,913 - INFO - Completed Candle: 2026-02-01 15:29:00 | RSI: 21.51
2026-02-01 17:22:00,913 - INFO - Position: None (Qty: 0)
2026-02-01 17:22:00,913 - INFO - Signal: HOLD
2026-02-01 17:22:00,913 - INFO - --- Processing NSE:NIFTY2620325200PE [ACTIVE] ---
2026-02-01 17:22:01,043 - INFO - Completed Candle: 2026-02-01 15:29:00 | RSI: 78.73
2026-02-01 17:22:01,043 - INFO - Position: None (Qty: 0)
2026-02-01 17:22:01,044 - INFO - WATCH: Trigger Active (RSI 78.73). Waiting for breakdown.
2026-02-01 17:22:01,044 - INFO - Signal: HOLD
2026-02-01 17:22:01,044 - INFO - --- Processing NSE:NIFTY2620325250PE [TRACKING] ---
2026-02-01 17:22:01,186 - INFO - Completed Candle: 2026-02-01 15:29:00 | RSI: 78.49
2026-02-01 17:22:01,186 - INFO - Position: None (Qty: 0)
2026-02-01 17:22:01,186 - INFO - WATCH: Trigger Active (RSI 78.49). Waiting for breakdown.
2026-02-01 17:22:01,186 - INFO - Signal: HOLD
2026-02-01 17:22:01,186 - INFO - --- Processing NSE:NIFTY2620325150PE [TRACKING] ---
2026-02-01 17:22:01,317 - INFO - Completed Candle: 2026-02-01 15:29:00 | RSI: 78.35
2026-02-01 17:22:01,318 - INFO - Position: None (Qty: 0)
2026-02-01 17:22:01,318 - INFO - WATCH: Trigger Active (RSI 78.35). Waiting for breakdown.
2026-02-01 17:22:01,318 - INFO - Signal: HOLD
2026-02-01 17:22:01,318 - INFO - --- Processing NSE:NIFTY2620325100PE [TRACKING] ---
2026-02-01 17:22:01,452 - INFO - Completed Candle: 2026-02-01 15:29:00 | RSI: 80.44
2026-02-01 17:22:01,452 - INFO - Position: None (Qty: 0)
2026-02-01 17:22:01,452 - INFO - WATCH: Trigger Active (RSI 80.44). Waiting for breakdown.
2026-02-01 17:22:01,452 - INFO - Signal: HOLD
2026-02-01 17:22:01,452 - INFO - --- Processing NSE:NIFTY2620325300PE [TRACKING] ---
2026-02-01 17:22:01,603 - INFO - Completed Candle: 2026-02-01 15:29:00 | RSI: 77.22
2026-02-01 17:22:01,603 - INFO - Position: None (Qty: 0)
2026-02-01 17:22:01,603 - INFO - WATCH: Trigger Active (RSI 77.22). Waiting for breakdown.
2026-02-01 17:22:01,604 - INFO - Signal: HOLD
2026-02-01 17:22:01,604 - INFO - --- Processing NSE:NIFTY2620325050PE [TRACKING] ---
2026-02-01 17:22:01,728 - INFO - Completed Candle: 2026-02-01 15:29:00 | RSI: 79.08
2026-02-01 17:22:01,728 - INFO - Position: None (Qty: 0)
2026-02-01 17:22:01,729 - INFO - WATCH: Trigger Active (RSI 79.08). Waiting for breakdown.
2026-02-01 17:22:01,729 - INFO - Signal: HOLD
2026-02-01 17:22:01,729 - INFO - Sleeping for 20s...
2026-02-01 17:22:21,932 - INFO - ACTIVE TRADING TARGETS (Closest to 500): CE=NSE:NIFTY2620324250CE | PE=NSE:NIFTY2620325200PE
2026-02-01 17:22:21,932 - INFO - --- Processing NSE:NIFTY2620324250CE [ACTIVE] ---
2026-02-01 17:22:22,044 - INFO - Completed Candle: 2026-02-01 15:29:00 | RSI: 11.27
2026-02-01 17:22:22,045 - INFO - Position: None (Qty: 0)
2026-02-01 17:22:22,045 - INFO - Signal: HOLD
2026-02-01 17:22:22,045 - INFO - --- Processing NSE:NIFTY2620324300CE [TRACKING] ---
2026-02-01 17:22:22,166 - INFO - Completed Candle: 2026-02-01 15:29:00 | RSI: 22.50
2026-02-01 17:22:22,167 - INFO - Position: None (Qty: 0)
2026-02-01 17:22:22,167 - INFO - Signal: HOLD
2026-02-01 17:22:22,167 - INFO - --- Processing NSE:NIFTY2620324200CE [TRACKING] ---
2026-02-01 17:22:22,269 - INFO - Completed Candle: 2026-02-01 15:29:00 | RSI: 16.20
2026-02-01 17:22:22,270 - INFO - Position: None (Qty: 0)
2026-02-01 17:22:22,270 - INFO - Signal: HOLD
2026-02-01 17:22:22,270 - INFO - --- Processing NSE:NIFTY2620324350CE [TRACKING] ---
2026-02-01 17:22:22,388 - INFO - Completed Candle: 2026-02-01 15:29:00 | RSI: 24.72
2026-02-01 17:22:22,388 - INFO - Position: None (Qty: 0)
2026-02-01 17:22:22,388 - INFO - Signal: HOLD
2026-02-01 17:22:22,389 - INFO - --- Processing NSE:NIFTY2620324150CE [TRACKING] ---
2026-02-01 17:22:22,502 - INFO - Completed Candle: 2026-02-01 15:29:00 | RSI: 11.52
2026-02-01 17:22:22,502 - INFO - Position: None (Qty: 0)
2026-02-01 17:22:22,502 - INFO - Signal: HOLD
2026-02-01 17:22:22,502 - INFO - --- Processing NSE:NIFTY2620324400CE [TRACKING] ---
2026-02-01 17:22:22,625 - INFO - Completed Candle: 2026-02-01 15:29:00 | RSI: 21.51
2026-02-01 17:22:22,626 - INFO - Position: None (Qty: 0)
2026-02-01 17:22:22,626 - INFO - Signal: HOLD
2026-02-01 17:22:22,626 - INFO - --- Processing NSE:NIFTY2620325200PE [ACTIVE] ---
2026-02-01 17:22:22,731 - INFO - Completed Candle: 2026-02-01 15:29:00 | RSI: 78.73
2026-02-01 17:22:22,731 - INFO - Position: None (Qty: 0)
2026-02-01 17:22:22,731 - INFO - WATCH: Trigger Active (RSI 78.73). Waiting for breakdown.
2026-02-01 17:22:22,731 - INFO - Signal: HOLD
2026-02-01 17:22:22,731 - INFO - --- Processing NSE:NIFTY2620325250PE [TRACKING] ---
2026-02-01 17:22:22,832 - INFO - Completed Candle: 2026-02-01 15:29:00 | RSI: 78.49
2026-02-01 17:22:22,832 - INFO - Position: None (Qty: 0)
2026-02-01 17:22:22,832 - INFO - WATCH: Trigger Active (RSI 78.49). Waiting for breakdown.
2026-02-01 17:22:22,832 - INFO - Signal: HOLD
2026-02-01 17:22:22,832 - INFO - --- Processing NSE:NIFTY2620325150PE [TRACKING] ---
2026-02-01 17:22:22,950 - INFO - Completed Candle: 2026-02-01 15:29:00 | RSI: 78.35
2026-02-01 17:22:22,950 - INFO - Position: None (Qty: 0)
2026-02-01 17:22:22,951 - INFO - WATCH: Trigger Active (RSI 78.35). Waiting for breakdown.
2026-02-01 17:22:22,951 - INFO - Signal: HOLD
2026-02-01 17:22:22,951 - INFO - --- Processing NSE:NIFTY2620325100PE [TRACKING] ---
2026-02-01 17:22:23,068 - INFO - Completed Candle: 2026-02-01 15:29:00 | RSI: 80.44
2026-02-01 17:22:23,068 - INFO - Position: None (Qty: 0)
2026-02-01 17:22:23,069 - INFO - WATCH: Trigger Active (RSI 80.44). Waiting for breakdown.
2026-02-01 17:22:23,069 - INFO - Signal: HOLD
2026-02-01 17:22:23,069 - INFO - --- Processing NSE:NIFTY2620325300PE [TRACKING] ---
2026-02-01 17:22:23,176 - INFO - Completed Candle: 2026-02-01 15:29:00 | RSI: 77.22
2026-02-01 17:22:23,176 - INFO - Position: None (Qty: 0)
2026-02-01 17:22:23,176 - INFO - WATCH: Trigger Active (RSI 77.22). Waiting for breakdown.
2026-02-01 17:22:23,176 - INFO - Signal: HOLD
2026-02-01 17:22:23,176 - INFO - --- Processing NSE:NIFTY2620325050PE [TRACKING] ---
2026-02-01 17:22:23,295 - INFO - Completed Candle: 2026-02-01 15:29:00 | RSI: 79.08
2026-02-01 17:22:23,295 - INFO - Position: None (Qty: 0)
2026-02-01 17:22:23,295 - INFO - WATCH: Trigger Active (RSI 79.08). Waiting for breakdown.
2026-02-01 17:22:23,295 - INFO - Signal: HOLD
2026-02-01 17:22:23,295 - INFO - Sleeping for 20s...
2026-02-01 17:22:43,516 - INFO - ACTIVE TRADING TARGETS (Closest to 500): CE=NSE:NIFTY2620324250CE | PE=NSE:NIFTY2620325200PE
2026-02-01 17:22:43,516 - INFO - --- Processing NSE:NIFTY2620324250CE [ACTIVE] ---
2026-02-01 17:22:43,609 - INFO - Completed Candle: 2026-02-01 15:29:00 | RSI: 11.27
2026-02-01 17:22:43,610 - INFO - Position: None (Qty: 0)
2026-02-01 17:22:43,610 - INFO - Signal: HOLD
2026-02-01 17:22:43,610 - INFO - --- Processing NSE:NIFTY2620324300CE [TRACKING] ---
2026-02-01 17:22:43,741 - INFO - Completed Candle: 2026-02-01 15:29:00 | RSI: 22.50
2026-02-01 17:22:43,741 - INFO - Position: None (Qty: 0)
2026-02-01 17:22:43,741 - INFO - Signal: HOLD
2026-02-01 17:22:43,741 - INFO - --- Processing NSE:NIFTY2620324200CE [TRACKING] ---
2026-02-01 17:22:43,854 - INFO - Completed Candle: 2026-02-01 15:29:00 | RSI: 16.20
2026-02-01 17:22:43,854 - INFO - Position: None (Qty: 0)
2026-02-01 17:22:43,854 - INFO - Signal: HOLD
2026-02-01 17:22:43,854 - INFO - --- Processing NSE:NIFTY2620324350CE [TRACKING] ---
2026-02-01 17:22:43,953 - INFO - Completed Candle: 2026-02-01 15:29:00 | RSI: 24.72
2026-02-01 17:22:43,954 - INFO - Position: None (Qty: 0)
2026-02-01 17:22:43,954 - INFO - Signal: HOLD
2026-02-01 17:22:43,954 - INFO - --- Processing NSE:NIFTY2620324150CE [TRACKING] ---
2026-02-01 17:22:44,059 - INFO - Completed Candle: 2026-02-01 15:29:00 | RSI: 11.52
2026-02-01 17:22:44,059 - INFO - Position: None (Qty: 0)
2026-02-01 17:22:44,059 - INFO - Signal: HOLD
2026-02-01 17:22:44,059 - INFO - --- Processing NSE:NIFTY2620324400CE [TRACKING] ---
2026-02-01 17:22:44,160 - INFO - Completed Candle: 2026-02-01 15:29:00 | RSI: 21.51
2026-02-01 17:22:44,161 - INFO - Position: None (Qty: 0)
2026-02-01 17:22:44,161 - INFO - Signal: HOLD
2026-02-01 17:22:44,161 - INFO - --- Processing NSE:NIFTY2620325200PE [ACTIVE] ---
2026-02-01 17:22:44,290 - INFO - Completed Candle: 2026-02-01 15:29:00 | RSI: 78.73
2026-02-01 17:22:44,291 - INFO - Position: None (Qty: 0)
2026-02-01 17:22:44,291 - INFO - WATCH: Trigger Active (RSI 78.73). Waiting for breakdown.
2026-02-01 17:22:44,291 - INFO - Signal: HOLD
2026-02-01 17:22:44,291 - INFO - --- Processing NSE:NIFTY2620325250PE [TRACKING] ---
2026-02-01 17:22:44,411 - INFO - Completed Candle: 2026-02-01 15:29:00 | RSI: 78.49
2026-02-01 17:22:44,411 - INFO - Position: None (Qty: 0)
2026-02-01 17:22:44,411 - INFO - WATCH: Trigger Active (RSI 78.49). Waiting for breakdown.
2026-02-01 17:22:44,411 - INFO - Signal: HOLD
2026-02-01 17:22:44,411 - INFO - --- Processing NSE:NIFTY2620325150PE [TRACKING] ---
2026-02-01 17:22:44,525 - INFO - Completed Candle: 2026-02-01 15:29:00 | RSI: 78.35
2026-02-01 17:22:44,525 - INFO - Position: None (Qty: 0)
2026-02-01 17:22:44,525 - INFO - WATCH: Trigger Active (RSI 78.35). Waiting for breakdown.
2026-02-01 17:22:44,525 - INFO - Signal: HOLD
2026-02-01 17:22:44,525 - INFO - --- Processing NSE:NIFTY2620325100PE [TRACKING] ---
2026-02-01 17:22:44,658 - INFO - Completed Candle: 2026-02-01 15:29:00 | RSI: 80.44
2026-02-01 17:22:44,658 - INFO - Position: None (Qty: 0)
2026-02-01 17:22:44,658 - INFO - WATCH: Trigger Active (RSI 80.44). Waiting for breakdown.
2026-02-01 17:22:44,658 - INFO - Signal: HOLD
2026-02-01 17:22:44,658 - INFO - --- Processing NSE:NIFTY2620325300PE [TRACKING] ---
2026-02-01 17:22:44,776 - INFO - Completed Candle: 2026-02-01 15:29:00 | RSI: 77.22
2026-02-01 17:22:44,776 - INFO - Position: None (Qty: 0)
2026-02-01 17:22:44,776 - INFO - WATCH: Trigger Active (RSI 77.22). Waiting for breakdown.
2026-02-01 17:22:44,776 - INFO - Signal: HOLD
2026-02-01 17:22:44,776 - INFO - --- Processing NSE:NIFTY2620325050PE [TRACKING] ---
2026-02-01 17:22:44,885 - INFO - Completed Candle: 2026-02-01 15:29:00 | RSI: 79.08
2026-02-01 17:22:44,886 - INFO - Position: None (Qty: 0)
2026-02-01 17:22:44,886 - INFO - WATCH: Trigger Active (RSI 79.08). Waiting for breakdown.
2026-02-01 17:22:44,886 - INFO - Signal: HOLD
2026-02-01 17:22:44,886 - INFO - Sleeping for 20s...
2026-02-01 17:23:05,097 - INFO - ACTIVE TRADING TARGETS (Closest to 500): CE=NSE:NIFTY2620324250CE | PE=NSE:NIFTY2620325200PE
2026-02-01 17:23:05,097 - INFO - --- Processing NSE:NIFTY2620324250CE [ACTIVE] ---
2026-02-01 17:23:05,225 - INFO - Completed Candle: 2026-02-01 15:29:00 | RSI: 11.27
2026-02-01 17:23:05,225 - INFO - Position: None (Qty: 0)
2026-02-01 17:23:05,225 - INFO - Signal: HOLD
2026-02-01 17:23:05,225 - INFO - --- Processing NSE:NIFTY2620324300CE [TRACKING] ---
2026-02-01 17:23:05,334 - INFO - Completed Candle: 2026-02-01 15:29:00 | RSI: 22.50
2026-02-01 17:23:05,334 - INFO - Position: None (Qty: 0)
2026-02-01 17:23:05,334 - INFO - Signal: HOLD
2026-02-01 17:23:05,334 - INFO - --- Processing NSE:NIFTY2620324200CE [TRACKING] ---
2026-02-01 17:23:05,467 - INFO - Completed Candle: 2026-02-01 15:29:00 | RSI: 16.20
2026-02-01 17:23:05,468 - INFO - Position: None (Qty: 0)
2026-02-01 17:23:05,468 - INFO - Signal: HOLD
2026-02-01 17:23:05,468 - INFO - --- Processing NSE:NIFTY2620324350CE [TRACKING] ---
2026-02-01 17:23:05,575 - INFO - Completed Candle: 2026-02-01 15:29:00 | RSI: 24.72
2026-02-01 17:23:05,575 - INFO - Position: None (Qty: 0)
2026-02-01 17:23:05,576 - INFO - Signal: HOLD
2026-02-01 17:23:05,576 - INFO - --- Processing NSE:NIFTY2620324150CE [TRACKING] ---
2026-02-01 17:23:05,712 - INFO - Completed Candle: 2026-02-01 15:29:00 | RSI: 11.52
2026-02-01 17:23:05,712 - INFO - Position: None (Qty: 0)
2026-02-01 17:23:05,712 - INFO - Signal: HOLD
2026-02-01 17:23:05,712 - INFO - --- Processing NSE:NIFTY2620324400CE [TRACKING] ---
2026-02-01 17:23:06,227 - INFO - Completed Candle: 2026-02-01 15:29:00 | RSI: 21.51
2026-02-01 17:23:06,227 - INFO - Position: None (Qty: 0)
2026-02-01 17:23:06,227 - INFO - Signal: HOLD
2026-02-01 17:23:06,227 - INFO - --- Processing NSE:NIFTY2620325200PE [ACTIVE] ---
2026-02-01 17:23:06,343 - INFO - Completed Candle: 2026-02-01 15:29:00 | RSI: 78.73
2026-02-01 17:23:06,344 - INFO - Position: None (Qty: 0)
2026-02-01 17:23:06,344 - INFO - WATCH: Trigger Active (RSI 78.73). Waiting for breakdown.
2026-02-01 17:23:06,344 - INFO - Signal: HOLD
2026-02-01 17:23:06,344 - INFO - --- Processing NSE:NIFTY2620325250PE [TRACKING] ---
2026-02-01 17:23:06,454 - INFO - Completed Candle: 2026-02-01 15:29:00 | RSI: 78.49
2026-02-01 17:23:06,454 - INFO - Position: None (Qty: 0)
2026-02-01 17:23:06,454 - INFO - WATCH: Trigger Active (RSI 78.49). Waiting for breakdown.
2026-02-01 17:23:06,454 - INFO - Signal: HOLD
2026-02-01 17:23:06,454 - INFO - --- Processing NSE:NIFTY2620325150PE [TRACKING] ---
2026-02-01 17:23:06,574 - INFO - Completed Candle: 2026-02-01 15:29:00 | RSI: 78.35
2026-02-01 17:23:06,575 - INFO - Position: None (Qty: 0)
2026-02-01 17:23:06,575 - INFO - WATCH: Trigger Active (RSI 78.35). Waiting for breakdown.
2026-02-01 17:23:06,575 - INFO - Signal: HOLD
2026-02-01 17:23:06,575 - INFO - --- Processing NSE:NIFTY2620325100PE [TRACKING] ---
2026-02-01 17:23:06,696 - INFO - Completed Candle: 2026-02-01 15:29:00 | RSI: 80.44
2026-02-01 17:23:06,696 - INFO - Position: None (Qty: 0)
2026-02-01 17:23:06,697 - INFO - WATCH: Trigger Active (RSI 80.44). Waiting for breakdown.
2026-02-01 17:23:06,697 - INFO - Signal: HOLD
2026-02-01 17:23:06,697 - INFO - --- Processing NSE:NIFTY2620325300PE [TRACKING] ---
2026-02-01 17:23:06,804 - INFO - Completed Candle: 2026-02-01 15:29:00 | RSI: 77.22
2026-02-01 17:23:06,804 - INFO - Position: None (Qty: 0)
2026-02-01 17:23:06,804 - INFO - WATCH: Trigger Active (RSI 77.22). Waiting for breakdown.
2026-02-01 17:23:06,805 - INFO - Signal: HOLD
2026-02-01 17:23:06,805 - INFO - --- Processing NSE:NIFTY2620325050PE [TRACKING] ---
2026-02-01 17:23:06,950 - INFO - Completed Candle: 2026-02-01 15:29:00 | RSI: 79.08
2026-02-01 17:23:06,950 - INFO - Position: None (Qty: 0)
2026-02-01 17:23:06,951 - INFO - WATCH: Trigger Active (RSI 79.08). Waiting for breakdown.
2026-02-01 17:23:06,951 - INFO - Signal: HOLD
2026-02-01 17:23:06,951 - INFO - Sleeping for 20s...
2026-02-01 17:23:27,185 - INFO - ACTIVE TRADING TARGETS (Closest to 500): CE=NSE:NIFTY2620324250CE | PE=NSE:NIFTY2620325200PE
2026-02-01 17:23:27,185 - INFO - --- Processing NSE:NIFTY2620324250CE [ACTIVE] ---
2026-02-01 17:23:27,303 - INFO - Completed Candle: 2026-02-01 15:29:00 | RSI: 11.27
2026-02-01 17:23:27,303 - INFO - Position: None (Qty: 0)
2026-02-01 17:23:27,303 - INFO - Signal: HOLD
2026-02-01 17:23:27,303 - INFO - --- Processing NSE:NIFTY2620324300CE [TRACKING] ---
2026-02-01 17:23:27,422 - INFO - Completed Candle: 2026-02-01 15:29:00 | RSI: 22.50
2026-02-01 17:23:27,422 - INFO - Position: None (Qty: 0)
2026-02-01 17:23:27,422 - INFO - Signal: HOLD
2026-02-01 17:23:27,422 - INFO - --- Processing NSE:NIFTY2620324200CE [TRACKING] ---
2026-02-01 17:23:27,542 - INFO - Completed Candle: 2026-02-01 15:29:00 | RSI: 16.20
2026-02-01 17:23:27,542 - INFO - Position: None (Qty: 0)
2026-02-01 17:23:27,542 - INFO - Signal: HOLD
2026-02-01 17:23:27,542 - INFO - --- Processing NSE:NIFTY2620324350CE [TRACKING] ---
2026-02-01 17:23:27,661 - INFO - Completed Candle: 2026-02-01 15:29:00 | RSI: 24.72
2026-02-01 17:23:27,661 - INFO - Position: None (Qty: 0)
2026-02-01 17:23:27,661 - INFO - Signal: HOLD
2026-02-01 17:23:27,661 - INFO - --- Processing NSE:NIFTY2620324150CE [TRACKING] ---
2026-02-01 17:23:27,772 - INFO - Completed Candle: 2026-02-01 15:29:00 | RSI: 11.52
2026-02-01 17:23:27,772 - INFO - Position: None (Qty: 0)
2026-02-01 17:23:27,772 - INFO - Signal: HOLD
2026-02-01 17:23:27,772 - INFO - --- Processing NSE:NIFTY2620324400CE [TRACKING] ---
2026-02-01 17:23:27,889 - INFO - Completed Candle: 2026-02-01 15:29:00 | RSI: 21.51
2026-02-01 17:23:27,889 - INFO - Position: None (Qty: 0)
2026-02-01 17:23:27,889 - INFO - Signal: HOLD
2026-02-01 17:23:27,890 - INFO - --- Processing NSE:NIFTY2620325200PE [ACTIVE] ---
2026-02-01 17:23:28,017 - INFO - Completed Candle: 2026-02-01 15:29:00 | RSI: 78.73
2026-02-01 17:23:28,017 - INFO - Position: None (Qty: 0)
2026-02-01 17:23:28,017 - INFO - WATCH: Trigger Active (RSI 78.73). Waiting for breakdown.
2026-02-01 17:23:28,017 - INFO - Signal: HOLD
2026-02-01 17:23:28,017 - INFO - --- Processing NSE:NIFTY2620325250PE [TRACKING] ---
2026-02-01 17:23:28,132 - INFO - Completed Candle: 2026-02-01 15:29:00 | RSI: 78.49
2026-02-01 17:23:28,132 - INFO - Position: None (Qty: 0)
2026-02-01 17:23:28,132 - INFO - WATCH: Trigger Active (RSI 78.49). Waiting for breakdown.
2026-02-01 17:23:28,132 - INFO - Signal: HOLD
2026-02-01 17:23:28,133 - INFO - --- Processing NSE:NIFTY2620325150PE [TRACKING] ---
2026-02-01 17:23:28,257 - INFO - Completed Candle: 2026-02-01 15:29:00 | RSI: 78.35
2026-02-01 17:23:28,257 - INFO - Position: None (Qty: 0)
2026-02-01 17:23:28,257 - INFO - WATCH: Trigger Active (RSI 78.35). Waiting for breakdown.
2026-02-01 17:23:28,257 - INFO - Signal: HOLD
2026-02-01 17:23:28,258 - INFO - --- Processing NSE:NIFTY2620325100PE [TRACKING] ---
2026-02-01 17:23:28,404 - INFO - Completed Candle: 2026-02-01 15:29:00 | RSI: 80.44
2026-02-01 17:23:28,404 - INFO - Position: None (Qty: 0)
2026-02-01 17:23:28,404 - INFO - WATCH: Trigger Active (RSI 80.44). Waiting for breakdown.
2026-02-01 17:23:28,404 - INFO - Signal: HOLD
2026-02-01 17:23:28,404 - INFO - --- Processing NSE:NIFTY2620325300PE [TRACKING] ---
2026-02-01 17:23:28,527 - INFO - Completed Candle: 2026-02-01 15:29:00 | RSI: 77.22
2026-02-01 17:23:28,527 - INFO - Position: None (Qty: 0)
2026-02-01 17:23:28,527 - INFO - WATCH: Trigger Active (RSI 77.22). Waiting for breakdown.
2026-02-01 17:23:28,528 - INFO - Signal: HOLD
2026-02-01 17:23:28,528 - INFO - --- Processing NSE:NIFTY2620325050PE [TRACKING] ---
2026-02-01 17:23:28,650 - INFO - Completed Candle: 2026-02-01 15:29:00 | RSI: 79.08
2026-02-01 17:23:28,650 - INFO - Position: None (Qty: 0)
2026-02-01 17:23:28,650 - INFO - WATCH: Trigger Active (RSI 79.08). Waiting for breakdown.
2026-02-01 17:23:28,650 - INFO - Signal: HOLD
2026-02-01 17:23:28,650 - INFO - Sleeping for 20s...
2026-02-01 17:23:48,866 - INFO - ACTIVE TRADING TARGETS (Closest to 500): CE=NSE:NIFTY2620324250CE | PE=NSE:NIFTY2620325200PE
2026-02-01 17:23:48,866 - INFO - --- Processing NSE:NIFTY2620324250CE [ACTIVE] ---
2026-02-01 17:23:48,989 - INFO - Completed Candle: 2026-02-01 15:29:00 | RSI: 11.27
2026-02-01 17:23:48,990 - INFO - Position: None (Qty: 0)
2026-02-01 17:23:48,990 - INFO - Signal: HOLD
2026-02-01 17:23:48,990 - INFO - --- Processing NSE:NIFTY2620324300CE [TRACKING] ---
2026-02-01 17:23:49,105 - INFO - Completed Candle: 2026-02-01 15:29:00 | RSI: 22.50
2026-02-01 17:23:49,106 - INFO - Position: None (Qty: 0)
2026-02-01 17:23:49,106 - INFO - Signal: HOLD
2026-02-01 17:23:49,106 - INFO - --- Processing NSE:NIFTY2620324200CE [TRACKING] ---
2026-02-01 17:23:49,214 - INFO - Completed Candle: 2026-02-01 15:29:00 | RSI: 16.20
2026-02-01 17:23:49,214 - INFO - Position: None (Qty: 0)
2026-02-01 17:23:49,214 - INFO - Signal: HOLD
2026-02-01 17:23:49,214 - INFO - --- Processing NSE:NIFTY2620324350CE [TRACKING] ---
2026-02-01 17:23:49,339 - INFO - Completed Candle: 2026-02-01 15:29:00 | RSI: 24.72
2026-02-01 17:23:49,339 - INFO - Position: None (Qty: 0)
2026-02-01 17:23:49,339 - INFO - Signal: HOLD
2026-02-01 17:23:49,339 - INFO - --- Processing NSE:NIFTY2620324150CE [TRACKING] ---
2026-02-01 17:23:49,466 - INFO - Completed Candle: 2026-02-01 15:29:00 | RSI: 11.52
2026-02-01 17:23:49,466 - INFO - Position: None (Qty: 0)
2026-02-01 17:23:49,466 - INFO - Signal: HOLD
2026-02-01 17:23:49,466 - INFO - --- Processing NSE:NIFTY2620324400CE [TRACKING] ---
2026-02-01 17:23:49,589 - INFO - Completed Candle: 2026-02-01 15:29:00 | RSI: 21.51
2026-02-01 17:23:49,589 - INFO - Position: None (Qty: 0)
2026-02-01 17:23:49,589 - INFO - Signal: HOLD
2026-02-01 17:23:49,590 - INFO - --- Processing NSE:NIFTY2620325200PE [ACTIVE] ---
2026-02-01 17:23:49,734 - INFO - Completed Candle: 2026-02-01 15:29:00 | RSI: 78.73
2026-02-01 17:23:49,734 - INFO - Position: None (Qty: 0)
2026-02-01 17:23:49,734 - INFO - WATCH: Trigger Active (RSI 78.73). Waiting for breakdown.
2026-02-01 17:23:49,734 - INFO - Signal: HOLD
2026-02-01 17:23:49,734 - INFO - --- Processing NSE:NIFTY2620325250PE [TRACKING] ---
2026-02-01 17:23:49,876 - INFO - Completed Candle: 2026-02-01 15:29:00 | RSI: 78.49
2026-02-01 17:23:49,876 - INFO - Position: None (Qty: 0)
2026-02-01 17:23:49,876 - INFO - WATCH: Trigger Active (RSI 78.49). Waiting for breakdown.
2026-02-01 17:23:49,876 - INFO - Signal: HOLD
2026-02-01 17:23:49,876 - INFO - --- Processing NSE:NIFTY2620325150PE [TRACKING] ---
2026-02-01 17:23:50,003 - INFO - Completed Candle: 2026-02-01 15:29:00 | RSI: 78.35
2026-02-01 17:23:50,003 - INFO - Position: None (Qty: 0)
2026-02-01 17:23:50,003 - INFO - WATCH: Trigger Active (RSI 78.35). Waiting for breakdown.
2026-02-01 17:23:50,003 - INFO - Signal: HOLD
2026-02-01 17:23:50,004 - INFO - --- Processing NSE:NIFTY2620325100PE [TRACKING] ---
2026-02-01 17:23:50,133 - INFO - Completed Candle: 2026-02-01 15:29:00 | RSI: 80.44
2026-02-01 17:23:50,133 - INFO - Position: None (Qty: 0)
2026-02-01 17:23:50,133 - INFO - WATCH: Trigger Active (RSI 80.44). Waiting for breakdown.
2026-02-01 17:23:50,133 - INFO - Signal: HOLD
2026-02-01 17:23:50,133 - INFO - --- Processing NSE:NIFTY2620325300PE [TRACKING] ---
2026-02-01 17:23:50,256 - INFO - Completed Candle: 2026-02-01 15:29:00 | RSI: 77.22
2026-02-01 17:23:50,256 - INFO - Position: None (Qty: 0)
2026-02-01 17:23:50,256 - INFO - WATCH: Trigger Active (RSI 77.22). Waiting for breakdown.
2026-02-01 17:23:50,256 - INFO - Signal: HOLD
2026-02-01 17:23:50,257 - INFO - --- Processing NSE:NIFTY2620325050PE [TRACKING] ---
2026-02-01 17:23:50,406 - INFO - Completed Candle: 2026-02-01 15:29:00 | RSI: 79.08
2026-02-01 17:23:50,406 - INFO - Position: None (Qty: 0)
2026-02-01 17:23:50,406 - INFO - WATCH: Trigger Active (RSI 79.08). Waiting for breakdown.
2026-02-01 17:23:50,406 - INFO - Signal: HOLD
2026-02-01 17:23:50,406 - INFO - Sleeping for 20s...
2026-02-01 17:24:10,644 - INFO - ACTIVE TRADING TARGETS (Closest to 500): CE=NSE:NIFTY2620324250CE | PE=NSE:NIFTY2620325200PE
2026-02-01 17:24:10,645 - INFO - --- Processing NSE:NIFTY2620324250CE [ACTIVE] ---
2026-02-01 17:24:10,781 - INFO - Completed Candle: 2026-02-01 15:29:00 | RSI: 11.27
2026-02-01 17:24:10,782 - INFO - Position: None (Qty: 0)
2026-02-01 17:24:10,782 - INFO - Signal: HOLD
2026-02-01 17:24:10,782 - INFO - --- Processing NSE:NIFTY2620324300CE [TRACKING] ---
2026-02-01 17:24:10,904 - INFO - Completed Candle: 2026-02-01 15:29:00 | RSI: 22.50
2026-02-01 17:24:10,904 - INFO - Position: None (Qty: 0)
2026-02-01 17:24:10,904 - INFO - Signal: HOLD
2026-02-01 17:24:10,904 - INFO - --- Processing NSE:NIFTY2620324200CE [TRACKING] ---
2026-02-01 17:24:11,062 - INFO - Completed Candle: 2026-02-01 15:29:00 | RSI: 16.20
2026-02-01 17:24:11,062 - INFO - Position: None (Qty: 0)
2026-02-01 17:24:11,062 - INFO - Signal: HOLD
2026-02-01 17:24:11,062 - INFO - --- Processing NSE:NIFTY2620324350CE [TRACKING] ---
2026-02-01 17:24:11,198 - INFO - Completed Candle: 2026-02-01 15:29:00 | RSI: 24.72
2026-02-01 17:24:11,198 - INFO - Position: None (Qty: 0)
2026-02-01 17:24:11,198 - INFO - Signal: HOLD
2026-02-01 17:24:11,198 - INFO - --- Processing NSE:NIFTY2620324150CE [TRACKING] ---
2026-02-01 17:24:11,332 - INFO - Completed Candle: 2026-02-01 15:29:00 | RSI: 11.52
2026-02-01 17:24:11,332 - INFO - Position: None (Qty: 0)
2026-02-01 17:24:11,332 - INFO - Signal: HOLD
2026-02-01 17:24:11,332 - INFO - --- Processing NSE:NIFTY2620324400CE [TRACKING] ---
2026-02-01 17:24:11,451 - INFO - Completed Candle: 2026-02-01 15:29:00 | RSI: 21.51
2026-02-01 17:24:11,451 - INFO - Position: None (Qty: 0)
2026-02-01 17:24:11,451 - INFO - Signal: HOLD
2026-02-01 17:24:11,452 - INFO - --- Processing NSE:NIFTY2620325200PE [ACTIVE] ---
2026-02-01 17:24:11,593 - INFO - Completed Candle: 2026-02-01 15:29:00 | RSI: 78.73
2026-02-01 17:24:11,593 - INFO - Position: None (Qty: 0)
2026-02-01 17:24:11,593 - INFO - WATCH: Trigger Active (RSI 78.73). Waiting for breakdown.
2026-02-01 17:24:11,593 - INFO - Signal: HOLD
2026-02-01 17:24:11,594 - INFO - --- Processing NSE:NIFTY2620325250PE [TRACKING] ---
2026-02-01 17:24:11,720 - INFO - Completed Candle: 2026-02-01 15:29:00 | RSI: 78.49
2026-02-01 17:24:11,720 - INFO - Position: None (Qty: 0)
2026-02-01 17:24:11,720 - INFO - WATCH: Trigger Active (RSI 78.49). Waiting for breakdown.
2026-02-01 17:24:11,720 - INFO - Signal: HOLD
2026-02-01 17:24:11,720 - INFO - --- Processing NSE:NIFTY2620325150PE [TRACKING] ---
2026-02-01 17:24:11,849 - INFO - Completed Candle: 2026-02-01 15:29:00 | RSI: 78.35
2026-02-01 17:24:11,849 - INFO - Position: None (Qty: 0)
2026-02-01 17:24:11,849 - INFO - WATCH: Trigger Active (RSI 78.35). Waiting for breakdown.
2026-02-01 17:24:11,849 - INFO - Signal: HOLD
2026-02-01 17:24:11,849 - INFO - --- Processing NSE:NIFTY2620325100PE [TRACKING] ---
2026-02-01 17:24:11,973 - INFO - Completed Candle: 2026-02-01 15:29:00 | RSI: 80.44
2026-02-01 17:24:11,973 - INFO - Position: None (Qty: 0)
2026-02-01 17:24:11,973 - INFO - WATCH: Trigger Active (RSI 80.44). Waiting for breakdown.
2026-02-01 17:24:11,973 - INFO - Signal: HOLD
2026-02-01 17:24:11,973 - INFO - --- Processing NSE:NIFTY2620325300PE [TRACKING] ---
2026-02-01 17:24:12,089 - INFO - Completed Candle: 2026-02-01 15:29:00 | RSI: 77.22
2026-02-01 17:24:12,089 - INFO - Position: None (Qty: 0)
2026-02-01 17:24:12,089 - INFO - WATCH: Trigger Active (RSI 77.22). Waiting for breakdown.
2026-02-01 17:24:12,089 - INFO - Signal: HOLD
2026-02-01 17:24:12,089 - INFO - --- Processing NSE:NIFTY2620325050PE [TRACKING] ---
2026-02-01 17:24:12,230 - INFO - Completed Candle: 2026-02-01 15:29:00 | RSI: 79.08
2026-02-01 17:24:12,231 - INFO - Position: None (Qty: 0)
2026-02-01 17:24:12,231 - INFO - WATCH: Trigger Active (RSI 79.08). Waiting for breakdown.
2026-02-01 17:24:12,231 - INFO - Signal: HOLD
2026-02-01 17:24:12,231 - INFO - Sleeping for 20s...
2026-02-01 17:24:32,464 - INFO - ACTIVE TRADING TARGETS (Closest to 500): CE=NSE:NIFTY2620324250CE | PE=NSE:NIFTY2620325200PE
2026-02-01 17:24:32,467 - INFO - --- Processing NSE:NIFTY2620324250CE [ACTIVE] ---
2026-02-01 17:24:32,602 - INFO - Completed Candle: 2026-02-01 15:29:00 | RSI: 11.27
2026-02-01 17:24:32,602 - INFO - Position: None (Qty: 0)
2026-02-01 17:24:32,603 - INFO - Signal: HOLD
2026-02-01 17:24:32,603 - INFO - --- Processing NSE:NIFTY2620324300CE [TRACKING] ---
2026-02-01 17:24:32,732 - INFO - Completed Candle: 2026-02-01 15:29:00 | RSI: 22.50
2026-02-01 17:24:32,732 - INFO - Position: None (Qty: 0)
2026-02-01 17:24:32,732 - INFO - Signal: HOLD
2026-02-01 17:24:32,732 - INFO - --- Processing NSE:NIFTY2620324200CE [TRACKING] ---
2026-02-01 17:24:32,848 - INFO - Completed Candle: 2026-02-01 15:29:00 | RSI: 16.20
2026-02-01 17:24:32,848 - INFO - Position: None (Qty: 0)
2026-02-01 17:24:32,848 - INFO - Signal: HOLD
2026-02-01 17:24:32,848 - INFO - --- Processing NSE:NIFTY2620324350CE [TRACKING] ---
2026-02-01 17:24:32,970 - INFO - Completed Candle: 2026-02-01 15:29:00 | RSI: 24.72
2026-02-01 17:24:32,971 - INFO - Position: None (Qty: 0)
2026-02-01 17:24:32,971 - INFO - Signal: HOLD
2026-02-01 17:24:32,971 - INFO - --- Processing NSE:NIFTY2620324150CE [TRACKING] ---
2026-02-01 17:24:33,100 - INFO - Completed Candle: 2026-02-01 15:29:00 | RSI: 11.52
2026-02-01 17:24:33,100 - INFO - Position: None (Qty: 0)
2026-02-01 17:24:33,101 - INFO - Signal: HOLD
2026-02-01 17:24:33,101 - INFO - --- Processing NSE:NIFTY2620324400CE [TRACKING] ---
2026-02-01 17:24:33,220 - INFO - Completed Candle: 2026-02-01 15:29:00 | RSI: 21.51
2026-02-01 17:24:33,220 - INFO - Position: None (Qty: 0)
2026-02-01 17:24:33,220 - INFO - Signal: HOLD
2026-02-01 17:24:33,220 - INFO - --- Processing NSE:NIFTY2620325200PE [ACTIVE] ---
2026-02-01 17:24:33,384 - INFO - Completed Candle: 2026-02-01 15:29:00 | RSI: 78.73
2026-02-01 17:24:33,384 - INFO - Position: None (Qty: 0)
2026-02-01 17:24:33,384 - INFO - WATCH: Trigger Active (RSI 78.73). Waiting for breakdown.
2026-02-01 17:24:33,384 - INFO - Signal: HOLD
2026-02-01 17:24:33,384 - INFO - --- Processing NSE:NIFTY2620325250PE [TRACKING] ---
2026-02-01 17:24:33,518 - INFO - Completed Candle: 2026-02-01 15:29:00 | RSI: 78.49
2026-02-01 17:24:33,518 - INFO - Position: None (Qty: 0)
2026-02-01 17:24:33,518 - INFO - WATCH: Trigger Active (RSI 78.49). Waiting for breakdown.
2026-02-01 17:24:33,518 - INFO - Signal: HOLD
2026-02-01 17:24:33,518 - INFO - --- Processing NSE:NIFTY2620325150PE [TRACKING] ---
2026-02-01 17:24:33,648 - INFO - Completed Candle: 2026-02-01 15:29:00 | RSI: 78.35
2026-02-01 17:24:33,648 - INFO - Position: None (Qty: 0)
2026-02-01 17:24:33,648 - INFO - WATCH: Trigger Active (RSI 78.35). Waiting for breakdown.
2026-02-01 17:24:33,648 - INFO - Signal: HOLD
2026-02-01 17:24:33,649 - INFO - --- Processing NSE:NIFTY2620325100PE [TRACKING] ---
2026-02-01 17:24:33,811 - INFO - Completed Candle: 2026-02-01 15:29:00 | RSI: 80.44
2026-02-01 17:24:33,811 - INFO - Position: None (Qty: 0)
2026-02-01 17:24:33,811 - INFO - WATCH: Trigger Active (RSI 80.44). Waiting for breakdown.
2026-02-01 17:24:33,811 - INFO - Signal: HOLD
2026-02-01 17:24:33,811 - INFO - --- Processing NSE:NIFTY2620325300PE [TRACKING] ---
2026-02-01 17:24:33,955 - INFO - Completed Candle: 2026-02-01 15:29:00 | RSI: 77.22
2026-02-01 17:24:33,955 - INFO - Position: None (Qty: 0)
2026-02-01 17:24:33,955 - INFO - WATCH: Trigger Active (RSI 77.22). Waiting for breakdown.
2026-02-01 17:24:33,955 - INFO - Signal: HOLD
2026-02-01 17:24:33,955 - INFO - --- Processing NSE:NIFTY2620325050PE [TRACKING] ---
2026-02-01 17:24:34,094 - INFO - Completed Candle: 2026-02-01 15:29:00 | RSI: 79.08
2026-02-01 17:24:34,094 - INFO - Position: None (Qty: 0)
2026-02-01 17:24:34,095 - INFO - WATCH: Trigger Active (RSI 79.08). Waiting for breakdown.
2026-02-01 17:24:34,095 - INFO - Signal: HOLD
2026-02-01 17:24:34,095 - INFO - Sleeping for 20s...
2026-02-01 17:24:55,311 - INFO - ACTIVE TRADING TARGETS (Closest to 500): CE=NSE:NIFTY2620324250CE | PE=NSE:NIFTY2620325200PE
2026-02-01 17:24:55,311 - INFO - --- Processing NSE:NIFTY2620324250CE [ACTIVE] ---
2026-02-01 17:24:55,438 - INFO - Completed Candle: 2026-02-01 15:29:00 | RSI: 11.27
2026-02-01 17:24:55,439 - INFO - Position: None (Qty: 0)
2026-02-01 17:24:55,439 - INFO - Signal: HOLD
2026-02-01 17:24:55,439 - INFO - --- Processing NSE:NIFTY2620324300CE [TRACKING] ---
2026-02-01 17:24:55,559 - INFO - Completed Candle: 2026-02-01 15:29:00 | RSI: 22.50
2026-02-01 17:24:55,559 - INFO - Position: None (Qty: 0)
2026-02-01 17:24:55,559 - INFO - Signal: HOLD
2026-02-01 17:24:55,559 - INFO - --- Processing NSE:NIFTY2620324200CE [TRACKING] ---
2026-02-01 17:24:55,687 - INFO - Completed Candle: 2026-02-01 15:29:00 | RSI: 16.20
2026-02-01 17:24:55,688 - INFO - Position: None (Qty: 0)
2026-02-01 17:24:55,688 - INFO - Signal: HOLD
2026-02-01 17:24:55,688 - INFO - --- Processing NSE:NIFTY2620324350CE [TRACKING] ---
2026-02-01 17:24:55,839 - INFO - Completed Candle: 2026-02-01 15:29:00 | RSI: 24.72
2026-02-01 17:24:55,839 - INFO - Position: None (Qty: 0)
2026-02-01 17:24:55,839 - INFO - Signal: HOLD
2026-02-01 17:24:55,839 - INFO - --- Processing NSE:NIFTY2620324150CE [TRACKING] ---
2026-02-01 17:24:55,962 - INFO - Completed Candle: 2026-02-01 15:29:00 | RSI: 11.52
2026-02-01 17:24:55,962 - INFO - Position: None (Qty: 0)
2026-02-01 17:24:55,962 - INFO - Signal: HOLD
2026-02-01 17:24:55,962 - INFO - --- Processing NSE:NIFTY2620324400CE [TRACKING] ---
2026-02-01 17:24:56,103 - INFO - Completed Candle: 2026-02-01 15:29:00 | RSI: 21.51
2026-02-01 17:24:56,103 - INFO - Position: None (Qty: 0)
2026-02-01 17:24:56,104 - INFO - Signal: HOLD
2026-02-01 17:24:56,104 - INFO - --- Processing NSE:NIFTY2620325200PE [ACTIVE] ---
2026-02-01 17:24:56,236 - INFO - Completed Candle: 2026-02-01 15:29:00 | RSI: 78.73
2026-02-01 17:24:56,236 - INFO - Position: None (Qty: 0)
2026-02-01 17:24:56,236 - INFO - WATCH: Trigger Active (RSI 78.73). Waiting for breakdown.
2026-02-01 17:24:56,236 - INFO - Signal: HOLD
2026-02-01 17:24:56,236 - INFO - --- Processing NSE:NIFTY2620325250PE [TRACKING] ---
2026-02-01 17:24:56,388 - INFO - Completed Candle: 2026-02-01 15:29:00 | RSI: 78.49
2026-02-01 17:24:56,389 - INFO - Position: None (Qty: 0)
2026-02-01 17:24:56,389 - INFO - WATCH: Trigger Active (RSI 78.49). Waiting for breakdown.
2026-02-01 17:24:56,389 - INFO - Signal: HOLD
2026-02-01 17:24:56,389 - INFO - --- Processing NSE:NIFTY2620325150PE [TRACKING] ---
2026-02-01 17:24:56,524 - INFO - Completed Candle: 2026-02-01 15:29:00 | RSI: 78.35
2026-02-01 17:24:56,524 - INFO - Position: None (Qty: 0)
2026-02-01 17:24:56,524 - INFO - WATCH: Trigger Active (RSI 78.35). Waiting for breakdown.
2026-02-01 17:24:56,525 - INFO - Signal: HOLD
2026-02-01 17:24:56,525 - INFO - --- Processing NSE:NIFTY2620325100PE [TRACKING] ---
2026-02-01 17:24:56,662 - INFO - Completed Candle: 2026-02-01 15:29:00 | RSI: 80.44
2026-02-01 17:24:56,662 - INFO - Position: None (Qty: 0)
2026-02-01 17:24:56,666 - INFO - WATCH: Trigger Active (RSI 80.44). Waiting for breakdown.
2026-02-01 17:24:56,666 - INFO - Signal: HOLD
2026-02-01 17:24:56,666 - INFO - --- Processing NSE:NIFTY2620325300PE [TRACKING] ---
2026-02-01 17:24:56,807 - INFO - Completed Candle: 2026-02-01 15:29:00 | RSI: 77.22
2026-02-01 17:24:56,807 - INFO - Position: None (Qty: 0)
2026-02-01 17:24:56,807 - INFO - WATCH: Trigger Active (RSI 77.22). Waiting for breakdown.
2026-02-01 17:24:56,807 - INFO - Signal: HOLD
2026-02-01 17:24:56,807 - INFO - --- Processing NSE:NIFTY2620325050PE [TRACKING] ---
2026-02-01 17:24:56,942 - INFO - Completed Candle: 2026-02-01 15:29:00 | RSI: 79.08
2026-02-01 17:24:56,942 - INFO - Position: None (Qty: 0)
2026-02-01 17:24:56,942 - INFO - WATCH: Trigger Active (RSI 79.08). Waiting for breakdown.
2026-02-01 17:24:56,942 - INFO - Signal: HOLD
2026-02-01 17:24:56,942 - INFO - Sleeping for 20s...
2026-02-01 17:25:17,196 - INFO - ACTIVE TRADING TARGETS (Closest to 500): CE=NSE:NIFTY2620324250CE | PE=NSE:NIFTY2620325200PE
2026-02-01 17:25:17,198 - INFO - --- Processing NSE:NIFTY2620324250CE [ACTIVE] ---
2026-02-01 17:25:17,313 - INFO - Completed Candle: 2026-02-01 15:29:00 | RSI: 11.27
2026-02-01 17:25:17,313 - INFO - Position: None (Qty: 0)
2026-02-01 17:25:17,313 - INFO - Signal: HOLD
2026-02-01 17:25:17,313 - INFO - --- Processing NSE:NIFTY2620324300CE [TRACKING] ---
2026-02-01 17:25:17,437 - INFO - Completed Candle: 2026-02-01 15:29:00 | RSI: 22.50
2026-02-01 17:25:17,437 - INFO - Position: None (Qty: 0)
2026-02-01 17:25:17,437 - INFO - Signal: HOLD
2026-02-01 17:25:17,437 - INFO - --- Processing NSE:NIFTY2620324200CE [TRACKING] ---
2026-02-01 17:25:17,559 - INFO - Completed Candle: 2026-02-01 15:29:00 | RSI: 16.20
2026-02-01 17:25:17,559 - INFO - Position: None (Qty: 0)
2026-02-01 17:25:17,559 - INFO - Signal: HOLD
2026-02-01 17:25:17,559 - INFO - --- Processing NSE:NIFTY2620324350CE [TRACKING] ---
2026-02-01 17:25:17,803 - INFO - Completed Candle: 2026-02-01 15:29:00 | RSI: 24.72
2026-02-01 17:25:17,804 - INFO - Position: None (Qty: 0)
2026-02-01 17:25:17,804 - INFO - Signal: HOLD
2026-02-01 17:25:17,804 - INFO - --- Processing NSE:NIFTY2620324150CE [TRACKING] ---
2026-02-01 17:25:17,935 - INFO - Completed Candle: 2026-02-01 15:29:00 | RSI: 11.52
2026-02-01 17:25:17,935 - INFO - Position: None (Qty: 0)
2026-02-01 17:25:17,935 - INFO - Signal: HOLD
2026-02-01 17:25:17,936 - INFO - --- Processing NSE:NIFTY2620324400CE [TRACKING] ---
2026-02-01 17:25:18,070 - INFO - Completed Candle: 2026-02-01 15:29:00 | RSI: 21.51
2026-02-01 17:25:18,070 - INFO - Position: None (Qty: 0)
2026-02-01 17:25:18,070 - INFO - Signal: HOLD
2026-02-01 17:25:18,070 - INFO - --- Processing NSE:NIFTY2620325200PE [ACTIVE] ---
2026-02-01 17:25:18,212 - INFO - Completed Candle: 2026-02-01 15:29:00 | RSI: 78.73
2026-02-01 17:25:18,212 - INFO - Position: None (Qty: 0)
2026-02-01 17:25:18,212 - INFO - WATCH: Trigger Active (RSI 78.73). Waiting for breakdown.
2026-02-01 17:25:18,212 - INFO - Signal: HOLD
2026-02-01 17:25:18,213 - INFO - --- Processing NSE:NIFTY2620325250PE [TRACKING] ---
2026-02-01 17:25:18,370 - INFO - Completed Candle: 2026-02-01 15:29:00 | RSI: 78.49
2026-02-01 17:25:18,370 - INFO - Position: None (Qty: 0)
2026-02-01 17:25:18,370 - INFO - WATCH: Trigger Active (RSI 78.49). Waiting for breakdown.
2026-02-01 17:25:18,370 - INFO - Signal: HOLD
2026-02-01 17:25:18,371 - INFO - --- Processing NSE:NIFTY2620325150PE [TRACKING] ---
2026-02-01 17:25:18,512 - INFO - Completed Candle: 2026-02-01 15:29:00 | RSI: 78.35
2026-02-01 17:25:18,512 - INFO - Position: None (Qty: 0)
2026-02-01 17:25:18,512 - INFO - WATCH: Trigger Active (RSI 78.35). Waiting for breakdown.
2026-02-01 17:25:18,512 - INFO - Signal: HOLD
2026-02-01 17:25:18,512 - INFO - --- Processing NSE:NIFTY2620325100PE [TRACKING] ---
2026-02-01 17:25:18,659 - INFO - Completed Candle: 2026-02-01 15:29:00 | RSI: 80.44
2026-02-01 17:25:18,659 - INFO - Position: None (Qty: 0)
2026-02-01 17:25:18,659 - INFO - WATCH: Trigger Active (RSI 80.44). Waiting for breakdown.
2026-02-01 17:25:18,659 - INFO - Signal: HOLD
2026-02-01 17:25:18,659 - INFO - --- Processing NSE:NIFTY2620325300PE [TRACKING] ---
2026-02-01 17:25:18,805 - INFO - Completed Candle: 2026-02-01 15:29:00 | RSI: 77.22
2026-02-01 17:25:18,805 - INFO - Position: None (Qty: 0)
2026-02-01 17:25:18,805 - INFO - WATCH: Trigger Active (RSI 77.22). Waiting for breakdown.
2026-02-01 17:25:18,805 - INFO - Signal: HOLD
2026-02-01 17:25:18,805 - INFO - --- Processing NSE:NIFTY2620325050PE [TRACKING] ---
2026-02-01 17:25:18,954 - INFO - Completed Candle: 2026-02-01 15:29:00 | RSI: 79.08
2026-02-01 17:25:18,955 - INFO - Position: None (Qty: 0)
2026-02-01 17:25:18,955 - INFO - WATCH: Trigger Active (RSI 79.08). Waiting for breakdown.
2026-02-01 17:25:18,955 - INFO - Signal: HOLD
2026-02-01 17:25:18,955 - INFO - Sleeping for 20s...
2026-02-01 17:25:39,199 - INFO - ACTIVE TRADING TARGETS (Closest to 500): CE=NSE:NIFTY2620324250CE | PE=NSE:NIFTY2620325200PE
2026-02-01 17:25:39,200 - INFO - --- Processing NSE:NIFTY2620324250CE [ACTIVE] ---
2026-02-01 17:25:39,321 - INFO - Completed Candle: 2026-02-01 15:29:00 | RSI: 11.27
2026-02-01 17:25:39,321 - INFO - Position: None (Qty: 0)
2026-02-01 17:25:39,321 - INFO - Signal: HOLD
2026-02-01 17:25:39,321 - INFO - --- Processing NSE:NIFTY2620324300CE [TRACKING] ---
2026-02-01 17:25:39,444 - INFO - Completed Candle: 2026-02-01 15:29:00 | RSI: 22.50
2026-02-01 17:25:39,444 - INFO - Position: None (Qty: 0)
2026-02-01 17:25:39,445 - INFO - Signal: HOLD
2026-02-01 17:25:39,445 - INFO - --- Processing NSE:NIFTY2620324200CE [TRACKING] ---
2026-02-01 17:25:39,566 - INFO - Completed Candle: 2026-02-01 15:29:00 | RSI: 16.20
2026-02-01 17:25:39,566 - INFO - Position: None (Qty: 0)
2026-02-01 17:25:39,567 - INFO - Signal: HOLD
2026-02-01 17:25:39,567 - INFO - --- Processing NSE:NIFTY2620324350CE [TRACKING] ---
2026-02-01 17:25:39,698 - INFO - Completed Candle: 2026-02-01 15:29:00 | RSI: 24.72
2026-02-01 17:25:39,698 - INFO - Position: None (Qty: 0)
2026-02-01 17:25:39,698 - INFO - Signal: HOLD
2026-02-01 17:25:39,698 - INFO - --- Processing NSE:NIFTY2620324150CE [TRACKING] ---
2026-02-01 17:25:39,819 - INFO - Completed Candle: 2026-02-01 15:29:00 | RSI: 11.52
2026-02-01 17:25:39,819 - INFO - Position: None (Qty: 0)
2026-02-01 17:25:39,819 - INFO - Signal: HOLD
2026-02-01 17:25:39,819 - INFO - --- Processing NSE:NIFTY2620324400CE [TRACKING] ---
2026-02-01 17:25:39,939 - INFO - Completed Candle: 2026-02-01 15:29:00 | RSI: 21.51
2026-02-01 17:25:39,939 - INFO - Position: None (Qty: 0)
2026-02-01 17:25:39,940 - INFO - Signal: HOLD
2026-02-01 17:25:39,940 - INFO - --- Processing NSE:NIFTY2620325200PE [ACTIVE] ---
2026-02-01 17:25:40,066 - INFO - Completed Candle: 2026-02-01 15:29:00 | RSI: 78.73
2026-02-01 17:25:40,066 - INFO - Position: None (Qty: 0)
2026-02-01 17:25:40,066 - INFO - WATCH: Trigger Active (RSI 78.73). Waiting for breakdown.
2026-02-01 17:25:40,066 - INFO - Signal: HOLD
2026-02-01 17:25:40,066 - INFO - --- Processing NSE:NIFTY2620325250PE [TRACKING] ---
2026-02-01 17:25:40,194 - INFO - Completed Candle: 2026-02-01 15:29:00 | RSI: 78.49
2026-02-01 17:25:40,195 - INFO - Position: None (Qty: 0)
2026-02-01 17:25:40,195 - INFO - WATCH: Trigger Active (RSI 78.49). Waiting for breakdown.
2026-02-01 17:25:40,195 - INFO - Signal: HOLD
2026-02-01 17:25:40,195 - INFO - --- Processing NSE:NIFTY2620325150PE [TRACKING] ---
2026-02-01 17:25:40,334 - INFO - Completed Candle: 2026-02-01 15:29:00 | RSI: 78.35
2026-02-01 17:25:40,334 - INFO - Position: None (Qty: 0)
2026-02-01 17:25:40,334 - INFO - WATCH: Trigger Active (RSI 78.35). Waiting for breakdown.
2026-02-01 17:25:40,334 - INFO - Signal: HOLD
2026-02-01 17:25:40,334 - INFO - --- Processing NSE:NIFTY2620325100PE [TRACKING] ---
2026-02-01 17:25:40,476 - INFO - Completed Candle: 2026-02-01 15:29:00 | RSI: 80.44
2026-02-01 17:25:40,476 - INFO - Position: None (Qty: 0)
2026-02-01 17:25:40,477 - INFO - WATCH: Trigger Active (RSI 80.44). Waiting for breakdown.
2026-02-01 17:25:40,477 - INFO - Signal: HOLD
2026-02-01 17:25:40,477 - INFO - --- Processing NSE:NIFTY2620325300PE [TRACKING] ---
2026-02-01 17:25:40,609 - INFO - Completed Candle: 2026-02-01 15:29:00 | RSI: 77.22
2026-02-01 17:25:40,609 - INFO - Position: None (Qty: 0)
2026-02-01 17:25:40,609 - INFO - WATCH: Trigger Active (RSI 77.22). Waiting for breakdown.
2026-02-01 17:25:40,609 - INFO - Signal: HOLD
2026-02-01 17:25:40,609 - INFO - --- Processing NSE:NIFTY2620325050PE [TRACKING] ---
2026-02-01 17:25:40,761 - INFO - Completed Candle: 2026-02-01 15:29:00 | RSI: 79.08
2026-02-01 17:25:40,761 - INFO - Position: None (Qty: 0)
2026-02-01 17:25:40,761 - INFO - WATCH: Trigger Active (RSI 79.08). Waiting for breakdown.
2026-02-01 17:25:40,761 - INFO - Signal: HOLD
2026-02-01 17:25:40,761 - INFO - Sleeping for 20s...
2026-02-01 17:26:01,012 - INFO - ACTIVE TRADING TARGETS (Closest to 500): CE=NSE:NIFTY2620324250CE | PE=NSE:NIFTY2620325200PE
2026-02-01 17:26:01,013 - INFO - --- Processing NSE:NIFTY2620324250CE [ACTIVE] ---
2026-02-01 17:26:01,143 - INFO - Completed Candle: 2026-02-01 15:29:00 | RSI: 11.27
2026-02-01 17:26:01,143 - INFO - Position: None (Qty: 0)
2026-02-01 17:26:01,143 - INFO - Signal: HOLD
2026-02-01 17:26:01,143 - INFO - --- Processing NSE:NIFTY2620324300CE [TRACKING] ---
2026-02-01 17:26:01,265 - INFO - Completed Candle: 2026-02-01 15:29:00 | RSI: 22.50
2026-02-01 17:26:01,265 - INFO - Position: None (Qty: 0)
2026-02-01 17:26:01,265 - INFO - Signal: HOLD
2026-02-01 17:26:01,265 - INFO - --- Processing NSE:NIFTY2620324200CE [TRACKING] ---
2026-02-01 17:26:01,382 - INFO - Completed Candle: 2026-02-01 15:29:00 | RSI: 16.20
2026-02-01 17:26:01,382 - INFO - Position: None (Qty: 0)
2026-02-01 17:26:01,382 - INFO - Signal: HOLD
2026-02-01 17:26:01,382 - INFO - --- Processing NSE:NIFTY2620324350CE [TRACKING] ---
2026-02-01 17:26:01,516 - INFO - Completed Candle: 2026-02-01 15:29:00 | RSI: 24.72
2026-02-01 17:26:01,516 - INFO - Position: None (Qty: 0)
2026-02-01 17:26:01,516 - INFO - Signal: HOLD
2026-02-01 17:26:01,516 - INFO - --- Processing NSE:NIFTY2620324150CE [TRACKING] ---
2026-02-01 17:26:01,647 - INFO - Completed Candle: 2026-02-01 15:29:00 | RSI: 11.52
2026-02-01 17:26:01,647 - INFO - Position: None (Qty: 0)
2026-02-01 17:26:01,647 - INFO - Signal: HOLD
2026-02-01 17:26:01,647 - INFO - --- Processing NSE:NIFTY2620324400CE [TRACKING] ---
2026-02-01 17:26:01,784 - INFO - Completed Candle: 2026-02-01 15:29:00 | RSI: 21.51
2026-02-01 17:26:01,784 - INFO - Position: None (Qty: 0)
2026-02-01 17:26:01,784 - INFO - Signal: HOLD
2026-02-01 17:26:01,784 - INFO - --- Processing NSE:NIFTY2620325200PE [ACTIVE] ---
2026-02-01 17:26:01,920 - INFO - Completed Candle: 2026-02-01 15:29:00 | RSI: 78.73
2026-02-01 17:26:01,920 - INFO - Position: None (Qty: 0)
2026-02-01 17:26:01,920 - INFO - WATCH: Trigger Active (RSI 78.73). Waiting for breakdown.
2026-02-01 17:26:01,920 - INFO - Signal: HOLD
2026-02-01 17:26:01,920 - INFO - --- Processing NSE:NIFTY2620325250PE [TRACKING] ---
2026-02-01 17:26:02,055 - INFO - Completed Candle: 2026-02-01 15:29:00 | RSI: 78.49
2026-02-01 17:26:02,055 - INFO - Position: None (Qty: 0)
2026-02-01 17:26:02,055 - INFO - WATCH: Trigger Active (RSI 78.49). Waiting for breakdown.
2026-02-01 17:26:02,055 - INFO - Signal: HOLD
2026-02-01 17:26:02,055 - INFO - --- Processing NSE:NIFTY2620325150PE [TRACKING] ---
2026-02-01 17:26:02,201 - INFO - Completed Candle: 2026-02-01 15:29:00 | RSI: 78.35
2026-02-01 17:26:02,201 - INFO - Position: None (Qty: 0)
2026-02-01 17:26:02,201 - INFO - WATCH: Trigger Active (RSI 78.35). Waiting for breakdown.
2026-02-01 17:26:02,201 - INFO - Signal: HOLD
2026-02-01 17:26:02,201 - INFO - --- Processing NSE:NIFTY2620325100PE [TRACKING] ---
2026-02-01 17:26:02,352 - INFO - Completed Candle: 2026-02-01 15:29:00 | RSI: 80.44
2026-02-01 17:26:02,352 - INFO - Position: None (Qty: 0)
2026-02-01 17:26:02,352 - INFO - WATCH: Trigger Active (RSI 80.44). Waiting for breakdown.
2026-02-01 17:26:02,352 - INFO - Signal: HOLD
2026-02-01 17:26:02,352 - INFO - --- Processing NSE:NIFTY2620325300PE [TRACKING] ---
2026-02-01 17:26:02,488 - INFO - Completed Candle: 2026-02-01 15:29:00 | RSI: 77.22
2026-02-01 17:26:02,488 - INFO - Position: None (Qty: 0)
2026-02-01 17:26:02,488 - INFO - WATCH: Trigger Active (RSI 77.22). Waiting for breakdown.
2026-02-01 17:26:02,488 - INFO - Signal: HOLD
2026-02-01 17:26:02,488 - INFO - --- Processing NSE:NIFTY2620325050PE [TRACKING] ---
2026-02-01 17:26:02,625 - INFO - Completed Candle: 2026-02-01 15:29:00 | RSI: 79.08
2026-02-01 17:26:02,625 - INFO - Position: None (Qty: 0)
2026-02-01 17:26:02,625 - INFO - WATCH: Trigger Active (RSI 79.08). Waiting for breakdown.
2026-02-01 17:26:02,625 - INFO - Signal: HOLD
2026-02-01 17:26:02,625 - INFO - Sleeping for 20s...
2026-02-01 17:26:22,871 - INFO - ACTIVE TRADING TARGETS (Closest to 500): CE=NSE:NIFTY2620324250CE | PE=NSE:NIFTY2620325200PE
2026-02-01 17:26:22,871 - INFO - --- Processing NSE:NIFTY2620324250CE [ACTIVE] ---
2026-02-01 17:26:23,008 - INFO - Completed Candle: 2026-02-01 15:29:00 | RSI: 11.27
2026-02-01 17:26:23,008 - INFO - Position: None (Qty: 0)
2026-02-01 17:26:23,008 - INFO - Signal: HOLD
2026-02-01 17:26:23,008 - INFO - --- Processing NSE:NIFTY2620324300CE [TRACKING] ---
2026-02-01 17:26:23,127 - INFO - Completed Candle: 2026-02-01 15:29:00 | RSI: 22.50
2026-02-01 17:26:23,127 - INFO - Position: None (Qty: 0)
2026-02-01 17:26:23,127 - INFO - Signal: HOLD
2026-02-01 17:26:23,127 - INFO - --- Processing NSE:NIFTY2620324200CE [TRACKING] ---
2026-02-01 17:26:23,263 - INFO - Completed Candle: 2026-02-01 15:29:00 | RSI: 16.20
2026-02-01 17:26:23,263 - INFO - Position: None (Qty: 0)
2026-02-01 17:26:23,263 - INFO - Signal: HOLD
2026-02-01 17:26:23,263 - INFO - --- Processing NSE:NIFTY2620324350CE [TRACKING] ---
2026-02-01 17:26:23,406 - INFO - Completed Candle: 2026-02-01 15:29:00 | RSI: 24.72
2026-02-01 17:26:23,406 - INFO - Position: None (Qty: 0)
2026-02-01 17:26:23,406 - INFO - Signal: HOLD
2026-02-01 17:26:23,406 - INFO - --- Processing NSE:NIFTY2620324150CE [TRACKING] ---
2026-02-01 17:26:23,547 - INFO - Completed Candle: 2026-02-01 15:29:00 | RSI: 11.52
2026-02-01 17:26:23,547 - INFO - Position: None (Qty: 0)
2026-02-01 17:26:23,547 - INFO - Signal: HOLD
2026-02-01 17:26:23,547 - INFO - --- Processing NSE:NIFTY2620324400CE [TRACKING] ---
2026-02-01 17:26:23,684 - INFO - Completed Candle: 2026-02-01 15:29:00 | RSI: 21.51
2026-02-01 17:26:23,684 - INFO - Position: None (Qty: 0)
2026-02-01 17:26:23,684 - INFO - Signal: HOLD
2026-02-01 17:26:23,684 - INFO - --- Processing NSE:NIFTY2620325200PE [ACTIVE] ---
2026-02-01 17:26:23,852 - INFO - Completed Candle: 2026-02-01 15:29:00 | RSI: 78.73
2026-02-01 17:26:23,852 - INFO - Position: None (Qty: 0)
2026-02-01 17:26:23,852 - INFO - WATCH: Trigger Active (RSI 78.73). Waiting for breakdown.
2026-02-01 17:26:23,852 - INFO - Signal: HOLD
2026-02-01 17:26:23,852 - INFO - --- Processing NSE:NIFTY2620325250PE [TRACKING] ---
2026-02-01 17:26:24,003 - INFO - Completed Candle: 2026-02-01 15:29:00 | RSI: 78.49
2026-02-01 17:26:24,004 - INFO - Position: None (Qty: 0)
2026-02-01 17:26:24,004 - INFO - WATCH: Trigger Active (RSI 78.49). Waiting for breakdown.
2026-02-01 17:26:24,004 - INFO - Signal: HOLD
2026-02-01 17:26:24,004 - INFO - --- Processing NSE:NIFTY2620325150PE [TRACKING] ---
2026-02-01 17:26:24,134 - INFO - Completed Candle: 2026-02-01 15:29:00 | RSI: 78.35
2026-02-01 17:26:24,134 - INFO - Position: None (Qty: 0)
2026-02-01 17:26:24,134 - INFO - WATCH: Trigger Active (RSI 78.35). Waiting for breakdown.
2026-02-01 17:26:24,134 - INFO - Signal: HOLD
2026-02-01 17:26:24,134 - INFO - --- Processing NSE:NIFTY2620325100PE [TRACKING] ---
2026-02-01 17:26:24,262 - INFO - Completed Candle: 2026-02-01 15:29:00 | RSI: 80.44
2026-02-01 17:26:24,262 - INFO - Position: None (Qty: 0)
2026-02-01 17:26:24,262 - INFO - WATCH: Trigger Active (RSI 80.44). Waiting for breakdown.
2026-02-01 17:26:24,262 - INFO - Signal: HOLD
2026-02-01 17:26:24,262 - INFO - --- Processing NSE:NIFTY2620325300PE [TRACKING] ---
2026-02-01 17:26:24,385 - INFO - Completed Candle: 2026-02-01 15:29:00 | RSI: 77.22
2026-02-01 17:26:24,386 - INFO - Position: None (Qty: 0)
2026-02-01 17:26:24,386 - INFO - WATCH: Trigger Active (RSI 77.22). Waiting for breakdown.
2026-02-01 17:26:24,386 - INFO - Signal: HOLD
2026-02-01 17:26:24,386 - INFO - --- Processing NSE:NIFTY2620325050PE [TRACKING] ---
2026-02-01 17:26:24,530 - INFO - Completed Candle: 2026-02-01 15:29:00 | RSI: 79.08
2026-02-01 17:26:24,530 - INFO - Position: None (Qty: 0)
2026-02-01 17:26:24,530 - INFO - WATCH: Trigger Active (RSI 79.08). Waiting for breakdown.
2026-02-01 17:26:24,530 - INFO - Signal: HOLD
2026-02-01 17:26:24,530 - INFO - Sleeping for 20s...
2026-02-01 17:26:44,768 - INFO - ACTIVE TRADING TARGETS (Closest to 500): CE=NSE:NIFTY2620324250CE | PE=NSE:NIFTY2620325200PE
2026-02-01 17:26:44,768 - INFO - --- Processing NSE:NIFTY2620324250CE [ACTIVE] ---
2026-02-01 17:26:44,898 - INFO - Completed Candle: 2026-02-01 15:29:00 | RSI: 11.27
2026-02-01 17:26:44,899 - INFO - Position: None (Qty: 0)
2026-02-01 17:26:44,899 - INFO - Signal: HOLD
2026-02-01 17:26:44,899 - INFO - --- Processing NSE:NIFTY2620324300CE [TRACKING] ---
2026-02-01 17:26:45,029 - INFO - Completed Candle: 2026-02-01 15:29:00 | RSI: 22.50
2026-02-01 17:26:45,029 - INFO - Position: None (Qty: 0)
2026-02-01 17:26:45,029 - INFO - Signal: HOLD
2026-02-01 17:26:45,029 - INFO - --- Processing NSE:NIFTY2620324200CE [TRACKING] ---
2026-02-01 17:26:45,148 - INFO - Completed Candle: 2026-02-01 15:29:00 | RSI: 16.20
2026-02-01 17:26:45,148 - INFO - Position: None (Qty: 0)
2026-02-01 17:26:45,148 - INFO - Signal: HOLD
2026-02-01 17:26:45,148 - INFO - --- Processing NSE:NIFTY2620324350CE [TRACKING] ---
2026-02-01 17:26:45,271 - INFO - Completed Candle: 2026-02-01 15:29:00 | RSI: 24.72
2026-02-01 17:26:45,271 - INFO - Position: None (Qty: 0)
2026-02-01 17:26:45,271 - INFO - Signal: HOLD
2026-02-01 17:26:45,271 - INFO - --- Processing NSE:NIFTY2620324150CE [TRACKING] ---
2026-02-01 17:26:45,387 - INFO - Completed Candle: 2026-02-01 15:29:00 | RSI: 11.52
2026-02-01 17:26:45,387 - INFO - Position: None (Qty: 0)
2026-02-01 17:26:45,387 - INFO - Signal: HOLD
2026-02-01 17:26:45,387 - INFO - --- Processing NSE:NIFTY2620324400CE [TRACKING] ---
2026-02-01 17:26:45,521 - INFO - Completed Candle: 2026-02-01 15:29:00 | RSI: 21.51
2026-02-01 17:26:45,521 - INFO - Position: None (Qty: 0)
2026-02-01 17:26:45,521 - INFO - Signal: HOLD
2026-02-01 17:26:45,521 - INFO - --- Processing NSE:NIFTY2620325200PE [ACTIVE] ---
2026-02-01 17:26:45,641 - INFO - Completed Candle: 2026-02-01 15:29:00 | RSI: 78.73
2026-02-01 17:26:45,641 - INFO - Position: None (Qty: 0)
2026-02-01 17:26:45,641 - INFO - WATCH: Trigger Active (RSI 78.73). Waiting for breakdown.
2026-02-01 17:26:45,641 - INFO - Signal: HOLD
2026-02-01 17:26:45,641 - INFO - --- Processing NSE:NIFTY2620325250PE [TRACKING] ---
2026-02-01 17:26:45,785 - INFO - Completed Candle: 2026-02-01 15:29:00 | RSI: 78.49
2026-02-01 17:26:45,785 - INFO - Position: None (Qty: 0)
2026-02-01 17:26:45,785 - INFO - WATCH: Trigger Active (RSI 78.49). Waiting for breakdown.
2026-02-01 17:26:45,785 - INFO - Signal: HOLD
2026-02-01 17:26:45,785 - INFO - --- Processing NSE:NIFTY2620325150PE [TRACKING] ---
2026-02-01 17:26:45,916 - INFO - Completed Candle: 2026-02-01 15:29:00 | RSI: 78.35
2026-02-01 17:26:45,916 - INFO - Position: None (Qty: 0)
2026-02-01 17:26:45,916 - INFO - WATCH: Trigger Active (RSI 78.35). Waiting for breakdown.
2026-02-01 17:26:45,916 - INFO - Signal: HOLD
2026-02-01 17:26:45,916 - INFO - --- Processing NSE:NIFTY2620325100PE [TRACKING] ---
2026-02-01 17:26:46,066 - INFO - Completed Candle: 2026-02-01 15:29:00 | RSI: 80.44
2026-02-01 17:26:46,066 - INFO - Position: None (Qty: 0)
2026-02-01 17:26:46,066 - INFO - WATCH: Trigger Active (RSI 80.44). Waiting for breakdown.
2026-02-01 17:26:46,066 - INFO - Signal: HOLD
2026-02-01 17:26:46,066 - INFO - --- Processing NSE:NIFTY2620325300PE [TRACKING] ---
2026-02-01 17:26:46,218 - INFO - Completed Candle: 2026-02-01 15:29:00 | RSI: 77.22
2026-02-01 17:26:46,218 - INFO - Position: None (Qty: 0)
2026-02-01 17:26:46,218 - INFO - WATCH: Trigger Active (RSI 77.22). Waiting for breakdown.
2026-02-01 17:26:46,219 - INFO - Signal: HOLD
2026-02-01 17:26:46,219 - INFO - --- Processing NSE:NIFTY2620325050PE [TRACKING] ---
2026-02-01 17:26:46,369 - INFO - Completed Candle: 2026-02-01 15:29:00 | RSI: 79.08
2026-02-01 17:26:46,369 - INFO - Position: None (Qty: 0)
2026-02-01 17:26:46,369 - INFO - WATCH: Trigger Active (RSI 79.08). Waiting for breakdown.
2026-02-01 17:26:46,369 - INFO - Signal: HOLD
2026-02-01 17:26:46,369 - INFO - Sleeping for 20s...
2026-02-01 17:27:06,622 - INFO - ACTIVE TRADING TARGETS (Closest to 500): CE=NSE:NIFTY2620324250CE | PE=NSE:NIFTY2620325200PE
2026-02-01 17:27:06,624 - INFO - --- Processing NSE:NIFTY2620324250CE [ACTIVE] ---
2026-02-01 17:27:06,759 - INFO - Completed Candle: 2026-02-01 15:29:00 | RSI: 11.27
2026-02-01 17:27:06,759 - INFO - Position: None (Qty: 0)
2026-02-01 17:27:06,759 - INFO - Signal: HOLD
2026-02-01 17:27:06,759 - INFO - --- Processing NSE:NIFTY2620324300CE [TRACKING] ---
2026-02-01 17:27:06,877 - INFO - Completed Candle: 2026-02-01 15:29:00 | RSI: 22.50
2026-02-01 17:27:06,877 - INFO - Position: None (Qty: 0)
2026-02-01 17:27:06,877 - INFO - Signal: HOLD
2026-02-01 17:27:06,877 - INFO - --- Processing NSE:NIFTY2620324200CE [TRACKING] ---
2026-02-01 17:27:07,005 - INFO - Completed Candle: 2026-02-01 15:29:00 | RSI: 16.20
2026-02-01 17:27:07,005 - INFO - Position: None (Qty: 0)
2026-02-01 17:27:07,005 - INFO - Signal: HOLD
2026-02-01 17:27:07,005 - INFO - --- Processing NSE:NIFTY2620324350CE [TRACKING] ---
2026-02-01 17:27:07,131 - INFO - Completed Candle: 2026-02-01 15:29:00 | RSI: 24.72
2026-02-01 17:27:07,131 - INFO - Position: None (Qty: 0)
2026-02-01 17:27:07,132 - INFO - Signal: HOLD
2026-02-01 17:27:07,132 - INFO - --- Processing NSE:NIFTY2620324150CE [TRACKING] ---
2026-02-01 17:27:07,254 - INFO - Completed Candle: 2026-02-01 15:29:00 | RSI: 11.52
2026-02-01 17:27:07,254 - INFO - Position: None (Qty: 0)
2026-02-01 17:27:07,254 - INFO - Signal: HOLD
2026-02-01 17:27:07,255 - INFO - --- Processing NSE:NIFTY2620324400CE [TRACKING] ---
2026-02-01 17:27:07,370 - INFO - Completed Candle: 2026-02-01 15:29:00 | RSI: 21.51
2026-02-01 17:27:07,370 - INFO - Position: None (Qty: 0)
2026-02-01 17:27:07,370 - INFO - Signal: HOLD
2026-02-01 17:27:07,370 - INFO - --- Processing NSE:NIFTY2620325200PE [ACTIVE] ---
2026-02-01 17:27:07,498 - INFO - Completed Candle: 2026-02-01 15:29:00 | RSI: 78.73
2026-02-01 17:27:07,498 - INFO - Position: None (Qty: 0)
2026-02-01 17:27:07,498 - INFO - WATCH: Trigger Active (RSI 78.73). Waiting for breakdown.
2026-02-01 17:27:07,498 - INFO - Signal: HOLD
2026-02-01 17:27:07,498 - INFO - --- Processing NSE:NIFTY2620325250PE [TRACKING] ---
2026-02-01 17:27:07,645 - INFO - Completed Candle: 2026-02-01 15:29:00 | RSI: 78.49
2026-02-01 17:27:07,645 - INFO - Position: None (Qty: 0)
2026-02-01 17:27:07,645 - INFO - WATCH: Trigger Active (RSI 78.49). Waiting for breakdown.
2026-02-01 17:27:07,646 - INFO - Signal: HOLD
2026-02-01 17:27:07,646 - INFO - --- Processing NSE:NIFTY2620325150PE [TRACKING] ---
2026-02-01 17:27:07,785 - INFO - Completed Candle: 2026-02-01 15:29:00 | RSI: 78.35
2026-02-01 17:27:07,785 - INFO - Position: None (Qty: 0)
2026-02-01 17:27:07,785 - INFO - WATCH: Trigger Active (RSI 78.35). Waiting for breakdown.
2026-02-01 17:27:07,786 - INFO - Signal: HOLD
2026-02-01 17:27:07,786 - INFO - --- Processing NSE:NIFTY2620325100PE [TRACKING] ---
2026-02-01 17:27:07,928 - INFO - Completed Candle: 2026-02-01 15:29:00 | RSI: 80.44
2026-02-01 17:27:07,928 - INFO - Position: None (Qty: 0)
2026-02-01 17:27:07,928 - INFO - WATCH: Trigger Active (RSI 80.44). Waiting for breakdown.
2026-02-01 17:27:07,928 - INFO - Signal: HOLD
2026-02-01 17:27:07,928 - INFO - --- Processing NSE:NIFTY2620325300PE [TRACKING] ---
2026-02-01 17:27:08,081 - INFO - Completed Candle: 2026-02-01 15:29:00 | RSI: 77.22
2026-02-01 17:27:08,081 - INFO - Position: None (Qty: 0)
2026-02-01 17:27:08,081 - INFO - WATCH: Trigger Active (RSI 77.22). Waiting for breakdown.
2026-02-01 17:27:08,081 - INFO - Signal: HOLD
2026-02-01 17:27:08,081 - INFO - --- Processing NSE:NIFTY2620325050PE [TRACKING] ---
2026-02-01 17:27:08,222 - INFO - Completed Candle: 2026-02-01 15:29:00 | RSI: 79.08
2026-02-01 17:27:08,222 - INFO - Position: None (Qty: 0)
2026-02-01 17:27:08,222 - INFO - WATCH: Trigger Active (RSI 79.08). Waiting for breakdown.
2026-02-01 17:27:08,222 - INFO - Signal: HOLD
2026-02-01 17:27:08,222 - INFO - Sleeping for 20s...
2026-02-01 17:27:28,471 - INFO - ACTIVE TRADING TARGETS (Closest to 500): CE=NSE:NIFTY2620324250CE | PE=NSE:NIFTY2620325200PE
2026-02-01 17:27:28,472 - INFO - --- Processing NSE:NIFTY2620324250CE [ACTIVE] ---
2026-02-01 17:27:28,608 - INFO - Completed Candle: 2026-02-01 15:29:00 | RSI: 11.27
2026-02-01 17:27:28,608 - INFO - Position: None (Qty: 0)
2026-02-01 17:27:28,608 - INFO - Signal: HOLD
2026-02-01 17:27:28,608 - INFO - --- Processing NSE:NIFTY2620324300CE [TRACKING] ---
2026-02-01 17:27:28,732 - INFO - Completed Candle: 2026-02-01 15:29:00 | RSI: 22.50
2026-02-01 17:27:28,732 - INFO - Position: None (Qty: 0)
2026-02-01 17:27:28,732 - INFO - Signal: HOLD
2026-02-01 17:27:28,732 - INFO - --- Processing NSE:NIFTY2620324200CE [TRACKING] ---
2026-02-01 17:27:28,867 - INFO - Completed Candle: 2026-02-01 15:29:00 | RSI: 16.20
2026-02-01 17:27:28,867 - INFO - Position: None (Qty: 0)
2026-02-01 17:27:28,867 - INFO - Signal: HOLD
2026-02-01 17:27:28,867 - INFO - --- Processing NSE:NIFTY2620324350CE [TRACKING] ---
2026-02-01 17:27:28,984 - INFO - Completed Candle: 2026-02-01 15:29:00 | RSI: 24.72
2026-02-01 17:27:28,985 - INFO - Position: None (Qty: 0)
2026-02-01 17:27:28,985 - INFO - Signal: HOLD
2026-02-01 17:27:28,985 - INFO - --- Processing NSE:NIFTY2620324150CE [TRACKING] ---
2026-02-01 17:27:29,105 - INFO - Completed Candle: 2026-02-01 15:29:00 | RSI: 11.52
2026-02-01 17:27:29,105 - INFO - Position: None (Qty: 0)
2026-02-01 17:27:29,105 - INFO - Signal: HOLD
2026-02-01 17:27:29,105 - INFO - --- Processing NSE:NIFTY2620324400CE [TRACKING] ---
2026-02-01 17:27:29,229 - INFO - Completed Candle: 2026-02-01 15:29:00 | RSI: 21.51
2026-02-01 17:27:29,229 - INFO - Position: None (Qty: 0)
2026-02-01 17:27:29,230 - INFO - Signal: HOLD
2026-02-01 17:27:29,230 - INFO - --- Processing NSE:NIFTY2620325200PE [ACTIVE] ---
2026-02-01 17:27:29,368 - INFO - Completed Candle: 2026-02-01 15:29:00 | RSI: 78.73
2026-02-01 17:27:29,368 - INFO - Position: None (Qty: 0)
2026-02-01 17:27:29,368 - INFO - WATCH: Trigger Active (RSI 78.73). Waiting for breakdown.
2026-02-01 17:27:29,368 - INFO - Signal: HOLD
2026-02-01 17:27:29,368 - INFO - --- Processing NSE:NIFTY2620325250PE [TRACKING] ---
2026-02-01 17:27:29,532 - INFO - Completed Candle: 2026-02-01 15:29:00 | RSI: 78.49
2026-02-01 17:27:29,533 - INFO - Position: None (Qty: 0)
2026-02-01 17:27:29,533 - INFO - WATCH: Trigger Active (RSI 78.49). Waiting for breakdown.
2026-02-01 17:27:29,533 - INFO - Signal: HOLD
2026-02-01 17:27:29,533 - INFO - --- Processing NSE:NIFTY2620325150PE [TRACKING] ---
2026-02-01 17:27:29,671 - INFO - Completed Candle: 2026-02-01 15:29:00 | RSI: 78.35
2026-02-01 17:27:29,671 - INFO - Position: None (Qty: 0)
2026-02-01 17:27:29,672 - INFO - WATCH: Trigger Active (RSI 78.35). Waiting for breakdown.
2026-02-01 17:27:29,672 - INFO - Signal: HOLD
2026-02-01 17:27:29,672 - INFO - --- Processing NSE:NIFTY2620325100PE [TRACKING] ---
2026-02-01 17:27:29,799 - INFO - Completed Candle: 2026-02-01 15:29:00 | RSI: 80.44
2026-02-01 17:27:29,799 - INFO - Position: None (Qty: 0)
2026-02-01 17:27:29,800 - INFO - WATCH: Trigger Active (RSI 80.44). Waiting for breakdown.
2026-02-01 17:27:29,800 - INFO - Signal: HOLD
2026-02-01 17:27:29,800 - INFO - --- Processing NSE:NIFTY2620325300PE [TRACKING] ---
2026-02-01 17:27:29,937 - INFO - Completed Candle: 2026-02-01 15:29:00 | RSI: 77.22
2026-02-01 17:27:29,938 - INFO - Position: None (Qty: 0)
2026-02-01 17:27:29,938 - INFO - WATCH: Trigger Active (RSI 77.22). Waiting for breakdown.
2026-02-01 17:27:29,938 - INFO - Signal: HOLD
2026-02-01 17:27:29,938 - INFO - --- Processing NSE:NIFTY2620325050PE [TRACKING] ---
2026-02-01 17:27:30,084 - INFO - Completed Candle: 2026-02-01 15:29:00 | RSI: 79.08
2026-02-01 17:27:30,084 - INFO - Position: None (Qty: 0)
2026-02-01 17:27:30,084 - INFO - WATCH: Trigger Active (RSI 79.08). Waiting for breakdown.
2026-02-01 17:27:30,084 - INFO - Signal: HOLD
2026-02-01 17:27:30,084 - INFO - Sleeping for 20s...
2026-02-01 17:27:50,306 - INFO - ACTIVE TRADING TARGETS (Closest to 500): CE=NSE:NIFTY2620324250CE | PE=NSE:NIFTY2620325200PE
2026-02-01 17:27:50,308 - INFO - --- Processing NSE:NIFTY2620324250CE [ACTIVE] ---
2026-02-01 17:27:50,431 - INFO - Completed Candle: 2026-02-01 15:29:00 | RSI: 11.27
2026-02-01 17:27:50,431 - INFO - Position: None (Qty: 0)
2026-02-01 17:27:50,431 - INFO - Signal: HOLD
2026-02-01 17:27:50,431 - INFO - --- Processing NSE:NIFTY2620324300CE [TRACKING] ---
2026-02-01 17:27:50,562 - INFO - Completed Candle: 2026-02-01 15:29:00 | RSI: 22.50
2026-02-01 17:27:50,562 - INFO - Position: None (Qty: 0)
2026-02-01 17:27:50,562 - INFO - Signal: HOLD
2026-02-01 17:27:50,563 - INFO - --- Processing NSE:NIFTY2620324200CE [TRACKING] ---
2026-02-01 17:27:50,687 - INFO - Completed Candle: 2026-02-01 15:29:00 | RSI: 16.20
2026-02-01 17:27:50,687 - INFO - Position: None (Qty: 0)
2026-02-01 17:27:50,688 - INFO - Signal: HOLD
2026-02-01 17:27:50,688 - INFO - --- Processing NSE:NIFTY2620324350CE [TRACKING] ---
2026-02-01 17:27:50,839 - INFO - Completed Candle: 2026-02-01 15:29:00 | RSI: 24.72
2026-02-01 17:27:50,840 - INFO - Position: None (Qty: 0)
2026-02-01 17:27:50,840 - INFO - Signal: HOLD
2026-02-01 17:27:50,840 - INFO - --- Processing NSE:NIFTY2620324150CE [TRACKING] ---
2026-02-01 17:27:50,974 - INFO - Completed Candle: 2026-02-01 15:29:00 | RSI: 11.52
2026-02-01 17:27:50,974 - INFO - Position: None (Qty: 0)
2026-02-01 17:27:50,974 - INFO - Signal: HOLD
2026-02-01 17:27:50,974 - INFO - --- Processing NSE:NIFTY2620324400CE [TRACKING] ---
2026-02-01 17:27:51,110 - INFO - Completed Candle: 2026-02-01 15:29:00 | RSI: 21.51
2026-02-01 17:27:51,110 - INFO - Position: None (Qty: 0)
2026-02-01 17:27:51,110 - INFO - Signal: HOLD
2026-02-01 17:27:51,110 - INFO - --- Processing NSE:NIFTY2620325200PE [ACTIVE] ---
2026-02-01 17:27:51,400 - INFO - Completed Candle: 2026-02-01 15:29:00 | RSI: 78.73
2026-02-01 17:27:51,400 - INFO - Position: None (Qty: 0)
2026-02-01 17:27:51,400 - INFO - WATCH: Trigger Active (RSI 78.73). Waiting for breakdown.
2026-02-01 17:27:51,400 - INFO - Signal: HOLD
2026-02-01 17:27:51,400 - INFO - --- Processing NSE:NIFTY2620325250PE [TRACKING] ---
2026-02-01 17:27:51,518 - INFO - Completed Candle: 2026-02-01 15:29:00 | RSI: 78.49
2026-02-01 17:27:51,518 - INFO - Position: None (Qty: 0)
2026-02-01 17:27:51,518 - INFO - WATCH: Trigger Active (RSI 78.49). Waiting for breakdown.
2026-02-01 17:27:51,518 - INFO - Signal: HOLD
2026-02-01 17:27:51,518 - INFO - --- Processing NSE:NIFTY2620325150PE [TRACKING] ---
2026-02-01 17:27:51,662 - INFO - Completed Candle: 2026-02-01 15:29:00 | RSI: 78.35
2026-02-01 17:27:51,662 - INFO - Position: None (Qty: 0)
2026-02-01 17:27:51,662 - INFO - WATCH: Trigger Active (RSI 78.35). Waiting for breakdown.
2026-02-01 17:27:51,662 - INFO - Signal: HOLD
2026-02-01 17:27:51,662 - INFO - --- Processing NSE:NIFTY2620325100PE [TRACKING] ---
2026-02-01 17:27:51,808 - INFO - Completed Candle: 2026-02-01 15:29:00 | RSI: 80.44
2026-02-01 17:27:51,808 - INFO - Position: None (Qty: 0)
2026-02-01 17:27:51,808 - INFO - WATCH: Trigger Active (RSI 80.44). Waiting for breakdown.
2026-02-01 17:27:51,809 - INFO - Signal: HOLD
2026-02-01 17:27:51,809 - INFO - --- Processing NSE:NIFTY2620325300PE [TRACKING] ---
2026-02-01 17:27:51,943 - INFO - Completed Candle: 2026-02-01 15:29:00 | RSI: 77.22
2026-02-01 17:27:51,943 - INFO - Position: None (Qty: 0)
2026-02-01 17:27:51,943 - INFO - WATCH: Trigger Active (RSI 77.22). Waiting for breakdown.
2026-02-01 17:27:51,943 - INFO - Signal: HOLD
2026-02-01 17:27:51,943 - INFO - --- Processing NSE:NIFTY2620325050PE [TRACKING] ---
2026-02-01 17:27:52,071 - INFO - Completed Candle: 2026-02-01 15:29:00 | RSI: 79.08
2026-02-01 17:27:52,072 - INFO - Position: None (Qty: 0)
2026-02-01 17:27:52,072 - INFO - WATCH: Trigger Active (RSI 79.08). Waiting for breakdown.
2026-02-01 17:27:52,072 - INFO - Signal: HOLD
2026-02-01 17:27:52,072 - INFO - Sleeping for 20s...
2026-02-01 17:28:12,303 - INFO - ACTIVE TRADING TARGETS (Closest to 500): CE=NSE:NIFTY2620324250CE | PE=NSE:NIFTY2620325200PE
2026-02-01 17:28:12,303 - INFO - --- Processing NSE:NIFTY2620324250CE [ACTIVE] ---
2026-02-01 17:28:12,451 - INFO - Completed Candle: 2026-02-01 15:29:00 | RSI: 11.27
2026-02-01 17:28:12,451 - INFO - Position: None (Qty: 0)
2026-02-01 17:28:12,451 - INFO - Signal: HOLD
2026-02-01 17:28:12,451 - INFO - --- Processing NSE:NIFTY2620324300CE [TRACKING] ---
2026-02-01 17:28:12,585 - INFO - Completed Candle: 2026-02-01 15:29:00 | RSI: 22.50
2026-02-01 17:28:12,585 - INFO - Position: None (Qty: 0)
2026-02-01 17:28:12,585 - INFO - Signal: HOLD
2026-02-01 17:28:12,585 - INFO - --- Processing NSE:NIFTY2620324200CE [TRACKING] ---
2026-02-01 17:28:12,716 - INFO - Completed Candle: 2026-02-01 15:29:00 | RSI: 16.20
2026-02-01 17:28:12,717 - INFO - Position: None (Qty: 0)
2026-02-01 17:28:12,717 - INFO - Signal: HOLD
2026-02-01 17:28:12,717 - INFO - --- Processing NSE:NIFTY2620324350CE [TRACKING] ---
2026-02-01 17:28:12,839 - INFO - Completed Candle: 2026-02-01 15:29:00 | RSI: 24.72
2026-02-01 17:28:12,839 - INFO - Position: None (Qty: 0)
2026-02-01 17:28:12,839 - INFO - Signal: HOLD
2026-02-01 17:28:12,839 - INFO - --- Processing NSE:NIFTY2620324150CE [TRACKING] ---
2026-02-01 17:28:13,005 - INFO - Completed Candle: 2026-02-01 15:29:00 | RSI: 11.52
2026-02-01 17:28:13,005 - INFO - Position: None (Qty: 0)
2026-02-01 17:28:13,005 - INFO - Signal: HOLD
2026-02-01 17:28:13,005 - INFO - --- Processing NSE:NIFTY2620324400CE [TRACKING] ---
2026-02-01 17:28:13,137 - INFO - Completed Candle: 2026-02-01 15:29:00 | RSI: 21.51
2026-02-01 17:28:13,138 - INFO - Position: None (Qty: 0)
2026-02-01 17:28:13,138 - INFO - Signal: HOLD
2026-02-01 17:28:13,138 - INFO - --- Processing NSE:NIFTY2620325200PE [ACTIVE] ---
2026-02-01 17:28:13,279 - INFO - Completed Candle: 2026-02-01 15:29:00 | RSI: 78.73
2026-02-01 17:28:13,280 - INFO - Position: None (Qty: 0)
2026-02-01 17:28:13,280 - INFO - WATCH: Trigger Active (RSI 78.73). Waiting for breakdown.
2026-02-01 17:28:13,280 - INFO - Signal: HOLD
2026-02-01 17:28:13,280 - INFO - --- Processing NSE:NIFTY2620325250PE [TRACKING] ---
2026-02-01 17:28:13,408 - INFO - Completed Candle: 2026-02-01 15:29:00 | RSI: 78.49
2026-02-01 17:28:13,408 - INFO - Position: None (Qty: 0)
2026-02-01 17:28:13,408 - INFO - WATCH: Trigger Active (RSI 78.49). Waiting for breakdown.
2026-02-01 17:28:13,408 - INFO - Signal: HOLD
2026-02-01 17:28:13,408 - INFO - --- Processing NSE:NIFTY2620325150PE [TRACKING] ---
2026-02-01 17:28:13,552 - INFO - Completed Candle: 2026-02-01 15:29:00 | RSI: 78.35
2026-02-01 17:28:13,552 - INFO - Position: None (Qty: 0)
2026-02-01 17:28:13,552 - INFO - WATCH: Trigger Active (RSI 78.35). Waiting for breakdown.
2026-02-01 17:28:13,552 - INFO - Signal: HOLD
2026-02-01 17:28:13,553 - INFO - --- Processing NSE:NIFTY2620325100PE [TRACKING] ---
2026-02-01 17:28:13,704 - INFO - Completed Candle: 2026-02-01 15:29:00 | RSI: 80.44
2026-02-01 17:28:13,704 - INFO - Position: None (Qty: 0)
2026-02-01 17:28:13,704 - INFO - WATCH: Trigger Active (RSI 80.44). Waiting for breakdown.
2026-02-01 17:28:13,704 - INFO - Signal: HOLD
2026-02-01 17:28:13,704 - INFO - --- Processing NSE:NIFTY2620325300PE [TRACKING] ---
2026-02-01 17:28:13,831 - INFO - Completed Candle: 2026-02-01 15:29:00 | RSI: 77.22
2026-02-01 17:28:13,831 - INFO - Position: None (Qty: 0)
2026-02-01 17:28:13,831 - INFO - WATCH: Trigger Active (RSI 77.22). Waiting for breakdown.
2026-02-01 17:28:13,831 - INFO - Signal: HOLD
2026-02-01 17:28:13,831 - INFO - --- Processing NSE:NIFTY2620325050PE [TRACKING] ---
2026-02-01 17:28:14,075 - INFO - Completed Candle: 2026-02-01 15:29:00 | RSI: 79.08
2026-02-01 17:28:14,075 - INFO - Position: None (Qty: 0)
2026-02-01 17:28:14,075 - INFO - WATCH: Trigger Active (RSI 79.08). Waiting for breakdown.
2026-02-01 17:28:14,075 - INFO - Signal: HOLD
2026-02-01 17:28:14,075 - INFO - Sleeping for 20s...
2026-02-01 17:28:34,287 - INFO - ACTIVE TRADING TARGETS (Closest to 500): CE=NSE:NIFTY2620324250CE | PE=NSE:NIFTY2620325200PE
2026-02-01 17:28:34,288 - INFO - --- Processing NSE:NIFTY2620324250CE [ACTIVE] ---
2026-02-01 17:28:34,416 - INFO - Completed Candle: 2026-02-01 15:29:00 | RSI: 11.27
2026-02-01 17:28:34,416 - INFO - Position: None (Qty: 0)
2026-02-01 17:28:34,416 - INFO - Signal: HOLD
2026-02-01 17:28:34,417 - INFO - --- Processing NSE:NIFTY2620324300CE [TRACKING] ---
2026-02-01 17:28:34,535 - INFO - Completed Candle: 2026-02-01 15:29:00 | RSI: 22.50
2026-02-01 17:28:34,535 - INFO - Position: None (Qty: 0)
2026-02-01 17:28:34,535 - INFO - Signal: HOLD
2026-02-01 17:28:34,535 - INFO - --- Processing NSE:NIFTY2620324200CE [TRACKING] ---
2026-02-01 17:28:34,671 - INFO - Completed Candle: 2026-02-01 15:29:00 | RSI: 16.20
2026-02-01 17:28:34,671 - INFO - Position: None (Qty: 0)
2026-02-01 17:28:34,671 - INFO - Signal: HOLD
2026-02-01 17:28:34,671 - INFO - --- Processing NSE:NIFTY2620324350CE [TRACKING] ---
2026-02-01 17:28:34,783 - INFO - Completed Candle: 2026-02-01 15:29:00 | RSI: 24.72
2026-02-01 17:28:34,783 - INFO - Position: None (Qty: 0)
2026-02-01 17:28:34,783 - INFO - Signal: HOLD
2026-02-01 17:28:34,783 - INFO - --- Processing NSE:NIFTY2620324150CE [TRACKING] ---
2026-02-01 17:28:34,905 - INFO - Completed Candle: 2026-02-01 15:29:00 | RSI: 11.52
2026-02-01 17:28:34,905 - INFO - Position: None (Qty: 0)
2026-02-01 17:28:34,905 - INFO - Signal: HOLD
2026-02-01 17:28:34,905 - INFO - --- Processing NSE:NIFTY2620324400CE [TRACKING] ---
2026-02-01 17:28:35,036 - INFO - Completed Candle: 2026-02-01 15:29:00 | RSI: 21.51
2026-02-01 17:28:35,036 - INFO - Position: None (Qty: 0)
2026-02-01 17:28:35,036 - INFO - Signal: HOLD
2026-02-01 17:28:35,036 - INFO - --- Processing NSE:NIFTY2620325200PE [ACTIVE] ---
2026-02-01 17:28:35,186 - INFO - Completed Candle: 2026-02-01 15:29:00 | RSI: 78.73
2026-02-01 17:28:35,186 - INFO - Position: None (Qty: 0)
2026-02-01 17:28:35,186 - INFO - WATCH: Trigger Active (RSI 78.73). Waiting for breakdown.
2026-02-01 17:28:35,186 - INFO - Signal: HOLD
2026-02-01 17:28:35,186 - INFO - --- Processing NSE:NIFTY2620325250PE [TRACKING] ---
2026-02-01 17:28:35,328 - INFO - Completed Candle: 2026-02-01 15:29:00 | RSI: 78.49
2026-02-01 17:28:35,328 - INFO - Position: None (Qty: 0)
2026-02-01 17:28:35,328 - INFO - WATCH: Trigger Active (RSI 78.49). Waiting for breakdown.
2026-02-01 17:28:35,328 - INFO - Signal: HOLD
2026-02-01 17:28:35,328 - INFO - --- Processing NSE:NIFTY2620325150PE [TRACKING] ---
2026-02-01 17:28:35,477 - INFO - Completed Candle: 2026-02-01 15:29:00 | RSI: 78.35
2026-02-01 17:28:35,477 - INFO - Position: None (Qty: 0)
2026-02-01 17:28:35,478 - INFO - WATCH: Trigger Active (RSI 78.35). Waiting for breakdown.
2026-02-01 17:28:35,478 - INFO - Signal: HOLD
2026-02-01 17:28:35,478 - INFO - --- Processing NSE:NIFTY2620325100PE [TRACKING] ---
2026-02-01 17:28:35,636 - INFO - Completed Candle: 2026-02-01 15:29:00 | RSI: 80.44
2026-02-01 17:28:35,636 - INFO - Position: None (Qty: 0)
2026-02-01 17:28:35,636 - INFO - WATCH: Trigger Active (RSI 80.44). Waiting for breakdown.
2026-02-01 17:28:35,636 - INFO - Signal: HOLD
2026-02-01 17:28:35,636 - INFO - --- Processing NSE:NIFTY2620325300PE [TRACKING] ---
2026-02-01 17:28:35,809 - INFO - Completed Candle: 2026-02-01 15:29:00 | RSI: 77.22
2026-02-01 17:28:35,809 - INFO - Position: None (Qty: 0)
2026-02-01 17:28:35,809 - INFO - WATCH: Trigger Active (RSI 77.22). Waiting for breakdown.
2026-02-01 17:28:35,809 - INFO - Signal: HOLD
2026-02-01 17:28:35,810 - INFO - --- Processing NSE:NIFTY2620325050PE [TRACKING] ---
2026-02-01 17:28:35,967 - INFO - Completed Candle: 2026-02-01 15:29:00 | RSI: 79.08
2026-02-01 17:28:35,967 - INFO - Position: None (Qty: 0)
2026-02-01 17:28:35,967 - INFO - WATCH: Trigger Active (RSI 79.08). Waiting for breakdown.
2026-02-01 17:28:35,968 - INFO - Signal: HOLD
2026-02-01 17:28:35,968 - INFO - Sleeping for 20s...
2026-02-01 17:28:56,221 - INFO - ACTIVE TRADING TARGETS (Closest to 500): CE=NSE:NIFTY2620324250CE | PE=NSE:NIFTY2620325200PE
2026-02-01 17:28:56,223 - INFO - --- Processing NSE:NIFTY2620324250CE [ACTIVE] ---
2026-02-01 17:28:56,355 - INFO - Completed Candle: 2026-02-01 15:29:00 | RSI: 11.27
2026-02-01 17:28:56,356 - INFO - Position: None (Qty: 0)
2026-02-01 17:28:56,356 - INFO - Signal: HOLD
2026-02-01 17:28:56,356 - INFO - --- Processing NSE:NIFTY2620324300CE [TRACKING] ---
2026-02-01 17:28:56,475 - INFO - Completed Candle: 2026-02-01 15:29:00 | RSI: 22.50
2026-02-01 17:28:56,475 - INFO - Position: None (Qty: 0)
2026-02-01 17:28:56,475 - INFO - Signal: HOLD
2026-02-01 17:28:56,475 - INFO - --- Processing NSE:NIFTY2620324200CE [TRACKING] ---
2026-02-01 17:28:56,592 - INFO - Completed Candle: 2026-02-01 15:29:00 | RSI: 16.20
2026-02-01 17:28:56,592 - INFO - Position: None (Qty: 0)
2026-02-01 17:28:56,592 - INFO - Signal: HOLD
2026-02-01 17:28:56,593 - INFO - --- Processing NSE:NIFTY2620324350CE [TRACKING] ---
2026-02-01 17:28:56,719 - INFO - Completed Candle: 2026-02-01 15:29:00 | RSI: 24.72
2026-02-01 17:28:56,720 - INFO - Position: None (Qty: 0)
2026-02-01 17:28:56,720 - INFO - Signal: HOLD
2026-02-01 17:28:56,720 - INFO - --- Processing NSE:NIFTY2620324150CE [TRACKING] ---
2026-02-01 17:28:56,838 - INFO - Completed Candle: 2026-02-01 15:29:00 | RSI: 11.52
2026-02-01 17:28:56,838 - INFO - Position: None (Qty: 0)
2026-02-01 17:28:56,838 - INFO - Signal: HOLD
2026-02-01 17:28:56,839 - INFO - --- Processing NSE:NIFTY2620324400CE [TRACKING] ---
2026-02-01 17:28:56,955 - INFO - Completed Candle: 2026-02-01 15:29:00 | RSI: 21.51
2026-02-01 17:28:56,955 - INFO - Position: None (Qty: 0)
2026-02-01 17:28:56,955 - INFO - Signal: HOLD
2026-02-01 17:28:56,955 - INFO - --- Processing NSE:NIFTY2620325200PE [ACTIVE] ---
2026-02-01 17:28:57,108 - INFO - Completed Candle: 2026-02-01 15:29:00 | RSI: 78.73
2026-02-01 17:28:57,108 - INFO - Position: None (Qty: 0)
2026-02-01 17:28:57,108 - INFO - WATCH: Trigger Active (RSI 78.73). Waiting for breakdown.
2026-02-01 17:28:57,108 - INFO - Signal: HOLD
2026-02-01 17:28:57,108 - INFO - --- Processing NSE:NIFTY2620325250PE [TRACKING] ---
2026-02-01 17:28:57,243 - INFO - Completed Candle: 2026-02-01 15:29:00 | RSI: 78.49
2026-02-01 17:28:57,243 - INFO - Position: None (Qty: 0)
2026-02-01 17:28:57,244 - INFO - WATCH: Trigger Active (RSI 78.49). Waiting for breakdown.
2026-02-01 17:28:57,244 - INFO - Signal: HOLD
2026-02-01 17:28:57,244 - INFO - --- Processing NSE:NIFTY2620325150PE [TRACKING] ---
2026-02-01 17:28:57,391 - INFO - Completed Candle: 2026-02-01 15:29:00 | RSI: 78.35
2026-02-01 17:28:57,391 - INFO - Position: None (Qty: 0)
2026-02-01 17:28:57,391 - INFO - WATCH: Trigger Active (RSI 78.35). Waiting for breakdown.
2026-02-01 17:28:57,391 - INFO - Signal: HOLD
2026-02-01 17:28:57,391 - INFO - --- Processing NSE:NIFTY2620325100PE [TRACKING] ---
2026-02-01 17:28:57,520 - INFO - Completed Candle: 2026-02-01 15:29:00 | RSI: 80.44
2026-02-01 17:28:57,520 - INFO - Position: None (Qty: 0)
2026-02-01 17:28:57,520 - INFO - WATCH: Trigger Active (RSI 80.44). Waiting for breakdown.
2026-02-01 17:28:57,520 - INFO - Signal: HOLD
2026-02-01 17:28:57,520 - INFO - --- Processing NSE:NIFTY2620325300PE [TRACKING] ---
2026-02-01 17:28:57,671 - INFO - Completed Candle: 2026-02-01 15:29:00 | RSI: 77.22
2026-02-01 17:28:57,671 - INFO - Position: None (Qty: 0)
2026-02-01 17:28:57,672 - INFO - WATCH: Trigger Active (RSI 77.22). Waiting for breakdown.
2026-02-01 17:28:57,672 - INFO - Signal: HOLD
2026-02-01 17:28:57,672 - INFO - --- Processing NSE:NIFTY2620325050PE [TRACKING] ---
2026-02-01 17:28:57,819 - INFO - Completed Candle: 2026-02-01 15:29:00 | RSI: 79.08
2026-02-01 17:28:57,819 - INFO - Position: None (Qty: 0)
2026-02-01 17:28:57,819 - INFO - WATCH: Trigger Active (RSI 79.08). Waiting for breakdown.
2026-02-01 17:28:57,819 - INFO - Signal: HOLD
2026-02-01 17:28:57,819 - INFO - Sleeping for 20s...
2026-02-01 17:29:18,052 - INFO - ACTIVE TRADING TARGETS (Closest to 500): CE=NSE:NIFTY2620324250CE | PE=NSE:NIFTY2620325200PE
2026-02-01 17:29:18,059 - INFO - --- Processing NSE:NIFTY2620324250CE [ACTIVE] ---
2026-02-01 17:29:18,189 - INFO - Completed Candle: 2026-02-01 15:29:00 | RSI: 11.27
2026-02-01 17:29:18,189 - INFO - Position: None (Qty: 0)
2026-02-01 17:29:18,189 - INFO - Signal: HOLD
2026-02-01 17:29:18,190 - INFO - --- Processing NSE:NIFTY2620324300CE [TRACKING] ---
2026-02-01 17:29:18,336 - INFO - Completed Candle: 2026-02-01 15:29:00 | RSI: 22.50
2026-02-01 17:29:18,336 - INFO - Position: None (Qty: 0)
2026-02-01 17:29:18,336 - INFO - Signal: HOLD
2026-02-01 17:29:18,336 - INFO - --- Processing NSE:NIFTY2620324200CE [TRACKING] ---
2026-02-01 17:29:18,445 - INFO - Completed Candle: 2026-02-01 15:29:00 | RSI: 16.20
2026-02-01 17:29:18,445 - INFO - Position: None (Qty: 0)
2026-02-01 17:29:18,445 - INFO - Signal: HOLD
2026-02-01 17:29:18,446 - INFO - --- Processing NSE:NIFTY2620324350CE [TRACKING] ---
2026-02-01 17:29:18,607 - INFO - Completed Candle: 2026-02-01 15:29:00 | RSI: 24.72
2026-02-01 17:29:18,607 - INFO - Position: None (Qty: 0)
2026-02-01 17:29:18,607 - INFO - Signal: HOLD
2026-02-01 17:29:18,607 - INFO - --- Processing NSE:NIFTY2620324150CE [TRACKING] ---
2026-02-01 17:29:18,750 - INFO - Completed Candle: 2026-02-01 15:29:00 | RSI: 11.52
2026-02-01 17:29:18,750 - INFO - Position: None (Qty: 0)
2026-02-01 17:29:18,751 - INFO - Signal: HOLD
2026-02-01 17:29:18,751 - INFO - --- Processing NSE:NIFTY2620324400CE [TRACKING] ---
2026-02-01 17:29:18,893 - INFO - Completed Candle: 2026-02-01 15:29:00 | RSI: 21.51
2026-02-01 17:29:18,894 - INFO - Position: None (Qty: 0)
2026-02-01 17:29:18,894 - INFO - Signal: HOLD
2026-02-01 17:29:18,894 - INFO - --- Processing NSE:NIFTY2620325200PE [ACTIVE] ---
2026-02-01 17:29:19,024 - INFO - Completed Candle: 2026-02-01 15:29:00 | RSI: 78.73
2026-02-01 17:29:19,024 - INFO - Position: None (Qty: 0)
2026-02-01 17:29:19,024 - INFO - WATCH: Trigger Active (RSI 78.73). Waiting for breakdown.
2026-02-01 17:29:19,024 - INFO - Signal: HOLD
2026-02-01 17:29:19,024 - INFO - --- Processing NSE:NIFTY2620325250PE [TRACKING] ---
2026-02-01 17:29:19,188 - INFO - Completed Candle: 2026-02-01 15:29:00 | RSI: 78.49
2026-02-01 17:29:19,188 - INFO - Position: None (Qty: 0)
2026-02-01 17:29:19,188 - INFO - WATCH: Trigger Active (RSI 78.49). Waiting for breakdown.
2026-02-01 17:29:19,188 - INFO - Signal: HOLD
2026-02-01 17:29:19,188 - INFO - --- Processing NSE:NIFTY2620325150PE [TRACKING] ---
2026-02-01 17:29:19,341 - INFO - Completed Candle: 2026-02-01 15:29:00 | RSI: 78.35
2026-02-01 17:29:19,341 - INFO - Position: None (Qty: 0)
2026-02-01 17:29:19,341 - INFO - WATCH: Trigger Active (RSI 78.35). Waiting for breakdown.
2026-02-01 17:29:19,341 - INFO - Signal: HOLD
2026-02-01 17:29:19,341 - INFO - --- Processing NSE:NIFTY2620325100PE [TRACKING] ---
2026-02-01 17:29:19,472 - INFO - Completed Candle: 2026-02-01 15:29:00 | RSI: 80.44
2026-02-01 17:29:19,472 - INFO - Position: None (Qty: 0)
2026-02-01 17:29:19,472 - INFO - WATCH: Trigger Active (RSI 80.44). Waiting for breakdown.
2026-02-01 17:29:19,472 - INFO - Signal: HOLD
2026-02-01 17:29:19,472 - INFO - --- Processing NSE:NIFTY2620325300PE [TRACKING] ---
2026-02-01 17:29:19,606 - INFO - Completed Candle: 2026-02-01 15:29:00 | RSI: 77.22
2026-02-01 17:29:19,607 - INFO - Position: None (Qty: 0)
2026-02-01 17:29:19,607 - INFO - WATCH: Trigger Active (RSI 77.22). Waiting for breakdown.
2026-02-01 17:29:19,607 - INFO - Signal: HOLD
2026-02-01 17:29:19,607 - INFO - --- Processing NSE:NIFTY2620325050PE [TRACKING] ---
2026-02-01 17:29:19,736 - INFO - Completed Candle: 2026-02-01 15:29:00 | RSI: 79.08
2026-02-01 17:29:19,736 - INFO - Position: None (Qty: 0)
2026-02-01 17:29:19,736 - INFO - WATCH: Trigger Active (RSI 79.08). Waiting for breakdown.
2026-02-01 17:29:19,736 - INFO - Signal: HOLD
2026-02-01 17:29:19,737 - INFO - Sleeping for 20s...
2026-02-01 17:29:39,955 - INFO - ACTIVE TRADING TARGETS (Closest to 500): CE=NSE:NIFTY2620324250CE | PE=NSE:NIFTY2620325200PE
2026-02-01 17:29:39,955 - INFO - --- Processing NSE:NIFTY2620324250CE [ACTIVE] ---
2026-02-01 17:29:40,079 - INFO - Completed Candle: 2026-02-01 15:29:00 | RSI: 11.27
2026-02-01 17:29:40,080 - INFO - Position: None (Qty: 0)
2026-02-01 17:29:40,080 - INFO - Signal: HOLD
2026-02-01 17:29:40,080 - INFO - --- Processing NSE:NIFTY2620324300CE [TRACKING] ---
2026-02-01 17:29:40,217 - INFO - Completed Candle: 2026-02-01 15:29:00 | RSI: 22.50
2026-02-01 17:29:40,217 - INFO - Position: None (Qty: 0)
2026-02-01 17:29:40,217 - INFO - Signal: HOLD
2026-02-01 17:29:40,217 - INFO - --- Processing NSE:NIFTY2620324200CE [TRACKING] ---
2026-02-01 17:29:40,411 - INFO - Completed Candle: 2026-02-01 15:29:00 | RSI: 16.20
2026-02-01 17:29:40,412 - INFO - Position: None (Qty: 0)
2026-02-01 17:29:40,412 - INFO - Signal: HOLD
2026-02-01 17:29:40,412 - INFO - --- Processing NSE:NIFTY2620324350CE [TRACKING] ---
2026-02-01 17:29:40,537 - INFO - Completed Candle: 2026-02-01 15:29:00 | RSI: 24.72
2026-02-01 17:29:40,537 - INFO - Position: None (Qty: 0)
2026-02-01 17:29:40,537 - INFO - Signal: HOLD
2026-02-01 17:29:40,537 - INFO - --- Processing NSE:NIFTY2620324150CE [TRACKING] ---
2026-02-01 17:29:40,672 - INFO - Completed Candle: 2026-02-01 15:29:00 | RSI: 11.52
2026-02-01 17:29:40,672 - INFO - Position: None (Qty: 0)
2026-02-01 17:29:40,672 - INFO - Signal: HOLD
2026-02-01 17:29:40,672 - INFO - --- Processing NSE:NIFTY2620324400CE [TRACKING] ---
2026-02-01 17:29:40,809 - INFO - Completed Candle: 2026-02-01 15:29:00 | RSI: 21.51
2026-02-01 17:29:40,809 - INFO - Position: None (Qty: 0)
2026-02-01 17:29:40,809 - INFO - Signal: HOLD
2026-02-01 17:29:40,810 - INFO - --- Processing NSE:NIFTY2620325200PE [ACTIVE] ---
2026-02-01 17:29:40,979 - INFO - Completed Candle: 2026-02-01 15:29:00 | RSI: 78.73
2026-02-01 17:29:40,979 - INFO - Position: None (Qty: 0)
2026-02-01 17:29:40,979 - INFO - WATCH: Trigger Active (RSI 78.73). Waiting for breakdown.
2026-02-01 17:29:40,979 - INFO - Signal: HOLD
2026-02-01 17:29:40,979 - INFO - --- Processing NSE:NIFTY2620325250PE [TRACKING] ---
2026-02-01 17:29:41,121 - INFO - Completed Candle: 2026-02-01 15:29:00 | RSI: 78.49
2026-02-01 17:29:41,122 - INFO - Position: None (Qty: 0)
2026-02-01 17:29:41,122 - INFO - WATCH: Trigger Active (RSI 78.49). Waiting for breakdown.
2026-02-01 17:29:41,122 - INFO - Signal: HOLD
2026-02-01 17:29:41,122 - INFO - --- Processing NSE:NIFTY2620325150PE [TRACKING] ---
2026-02-01 17:29:41,265 - INFO - Completed Candle: 2026-02-01 15:29:00 | RSI: 78.35
2026-02-01 17:29:41,265 - INFO - Position: None (Qty: 0)
2026-02-01 17:29:41,265 - INFO - WATCH: Trigger Active (RSI 78.35). Waiting for breakdown.
2026-02-01 17:29:41,265 - INFO - Signal: HOLD
2026-02-01 17:29:41,265 - INFO - --- Processing NSE:NIFTY2620325100PE [TRACKING] ---
2026-02-01 17:29:41,409 - INFO - Completed Candle: 2026-02-01 15:29:00 | RSI: 80.44
2026-02-01 17:29:41,409 - INFO - Position: None (Qty: 0)
2026-02-01 17:29:41,409 - INFO - WATCH: Trigger Active (RSI 80.44). Waiting for breakdown.
2026-02-01 17:29:41,410 - INFO - Signal: HOLD
2026-02-01 17:29:41,410 - INFO - --- Processing NSE:NIFTY2620325300PE [TRACKING] ---
2026-02-01 17:29:41,552 - INFO - Completed Candle: 2026-02-01 15:29:00 | RSI: 77.22
2026-02-01 17:29:41,552 - INFO - Position: None (Qty: 0)
2026-02-01 17:29:41,552 - INFO - WATCH: Trigger Active (RSI 77.22). Waiting for breakdown.
2026-02-01 17:29:41,552 - INFO - Signal: HOLD
2026-02-01 17:29:41,552 - INFO - --- Processing NSE:NIFTY2620325050PE [TRACKING] ---
2026-02-01 17:29:41,687 - INFO - Completed Candle: 2026-02-01 15:29:00 | RSI: 79.08
2026-02-01 17:29:41,687 - INFO - Position: None (Qty: 0)
2026-02-01 17:29:41,687 - INFO - WATCH: Trigger Active (RSI 79.08). Waiting for breakdown.
2026-02-01 17:29:41,687 - INFO - Signal: HOLD
2026-02-01 17:29:41,687 - INFO - Sleeping for 20s...
2026-02-01 17:30:01,691 - INFO - Market closed. Stopping loop.
Scanning for options in range 350-650...
Spot: 24825.45 | Expiry: 26203
Selected CE: NSE:NIFTY2620324250CE (514.5)
Selected CE: NSE:NIFTY2620324300CE (475)
Selected CE: NSE:NIFTY2620324200CE (563.05)
Selected CE: NSE:NIFTY2620324350CE (431.35)
Selected CE: NSE:NIFTY2620324150CE (606.55)
Selected CE: NSE:NIFTY2620324400CE (385.8)
Selected PE: NSE:NIFTY2620325200PE (498.9)
Selected PE: NSE:NIFTY2620325250PE (541.35)
Selected PE: NSE:NIFTY2620325150PE (453.15)
Selected PE: NSE:NIFTY2620325100PE (414.45)
Selected PE: NSE:NIFTY2620325300PE (585.85)
Selected PE: NSE:NIFTY2620325050PE (371.6)
